──────────────────────────────────────────────────── test.py3.10 ────────────────────────────────────────────────────
2026-09-18 17:39:39.009 | DEBUG    | cwl_loader:_clean_custom_namespaces:171 - Saved original $namespaces: {'s': 'https://schema.org/'}
2026-09-18 17:39:39.009 | DEBUG    | cwl_loader:load_cwl_from_yaml:315 - Updating the model from version 'v1.0' to version 'v1.2'...
2026-09-18 17:39:39.009 | DEBUG    | cwl_loader:load_cwl_from_yaml:330 - Raw CWL document successfully updated to v1.2!
2026-09-18 17:39:39.009 | DEBUG    | cwl_loader:load_cwl_from_yaml:336 - Parsing the raw CWL document to the CWL Utils DOM...
2026-09-18 17:39:39.010 | DEBUG    | cwl_loader:load_cwl_from_yaml:347 - Raw CWL document successfully parsed to the CWL Utils DOM!
2026-09-18 17:39:39.010 | DEBUG    | cwl_loader:load_cwl_from_yaml:349 - Dereferencing the steps[].run...
2026-09-18 17:39:39.010 | DEBUG    | cwl_loader:_on_process:237 - Checking if #main must be externally imported...
2026-09-18 17:39:39.010 | DEBUG    | cwl_loader:_on_process:241 - run_url:  - uri: io://
2026-09-18 17:39:39.010 | DEBUG    | cwl_loader:load_cwl_from_yaml:353 - steps[].run successfully dereferenced! Dereferencing the FQNs...
2026-09-18 17:39:39.010 | DEBUG    | cwl_loader:load_cwl_from_yaml:357 - CWL document successfully dereferenced! Now verifying steps[].run integrity...
2026-09-18 17:39:39.010 | DEBUG    | cwl_loader:load_cwl_from_yaml:363 - All steps[].run link are resolvable! 
2026-09-18 17:39:39.010 | DEBUG    | cwl_loader:load_cwl_from_yaml:366 - Sorting Process instances by dependencies....
2026-09-18 17:39:39.010 | DEBUG    | cwl_loader:load_cwl_from_yaml:368 - Sorting process is over.
2026-09-18 17:39:39.010 | INFO     | zoo_calrissian_runner:execute:156 - execution started
2026-09-18 17:39:39.010 | INFO     | zoo_calrissian_runner:execute:159 - wrap CWL workflow with stage-in/out steps
2026-09-18 17:39:39.010 | WARNING  | zoo_calrissian_runner:wrap:467 - No auth_env/cwd found, using self.workflow.cwl without customs
2026-09-18 17:39:39.010 | INFO     | zoo_calrissian_runner:wrap:487 - Renaming 'main' to 'burned-area_clt' to avoid conflict with orchestrator
2026-09-18 17:39:39.010 | INFO     | zoo_calrissian_runner:wrap:497 - Updated step 'step_1' to reference '#burned-area_clt'
2026-09-18 17:39:39.010 | INFO     | zoo_calrissian_runner:wrap:503 - Wrapping process: burned-area
2026-09-18 17:39:39.010 | DEBUG    | cwl_loader:load_cwl_from_location:421 - Loading CWL document from /Users/anushacs/Downloads/python-packages/zoo-calrissian-runner/assets/stagein.yaml...
2026-09-18 17:39:39.010 | DEBUG    | cwl_loader:_load_cwl_from_stream:424 - Reading stream from /Users/anushacs/Downloads/python-packages/zoo-calrissian-runner/assets/stagein.yaml...
2026-09-18 17:39:39.014 | DEBUG    | cwl_loader:load_cwl_from_stream:398 - CWL data of type <class 'ruamel.yaml.comments.CommentedMap'> successfully loaded from stream
2026-09-18 17:39:39.015 | DEBUG    | cwl_loader:load_cwl_from_yaml:315 - Updating the model from version 'v1.0' to version 'v1.2'...
2026-09-18 17:39:39.015 | DEBUG    | cwl_loader:load_cwl_from_yaml:330 - Raw CWL document successfully updated to v1.2!
2026-09-18 17:39:39.015 | DEBUG    | cwl_loader:load_cwl_from_yaml:336 - Parsing the raw CWL document to the CWL Utils DOM...
2026-09-18 17:39:40.336 | DEBUG    | cwl_loader:load_cwl_from_yaml:347 - Raw CWL document successfully parsed to the CWL Utils DOM!
2026-09-18 17:39:40.337 | DEBUG    | cwl_loader:load_cwl_from_yaml:349 - Dereferencing the steps[].run...
2026-09-18 17:39:40.337 | DEBUG    | cwl_loader:load_cwl_from_yaml:353 - steps[].run successfully dereferenced! Dereferencing the FQNs...
2026-09-18 17:39:40.337 | DEBUG    | cwl_loader:load_cwl_from_yaml:357 - CWL document successfully dereferenced! Now verifying steps[].run integrity...
2026-09-18 17:39:40.337 | DEBUG    | cwl_loader:load_cwl_from_yaml:363 - All steps[].run link are resolvable! 
2026-09-18 17:39:40.337 | DEBUG    | cwl_loader:load_cwl_from_yaml:366 - Sorting Process instances by dependencies....
2026-09-18 17:39:40.337 | DEBUG    | cwl_loader:load_cwl_from_yaml:368 - Sorting process is over.
2026-09-18 17:39:40.337 | DEBUG    | cwl_loader:_load_cwl_from_stream:430 - Stream from /Users/anushacs/Downloads/python-packages/zoo-calrissian-runner/assets/stagein.yaml successfully load!
2026-09-18 17:39:40.337 | DEBUG    | cwl_loader:load_cwl_from_location:421 - Loading CWL document from /Users/anushacs/Downloads/python-packages/zoo-calrissian-runner/assets/stagein-file.yaml...
2026-09-18 17:39:40.337 | DEBUG    | cwl_loader:_load_cwl_from_stream:424 - Reading stream from /Users/anushacs/Downloads/python-packages/zoo-calrissian-runner/assets/stagein-file.yaml...
2026-09-18 17:39:40.344 | DEBUG    | cwl_loader:load_cwl_from_stream:398 - CWL data of type <class 'ruamel.yaml.comments.CommentedMap'> successfully loaded from stream
2026-09-18 17:39:40.344 | DEBUG    | cwl_loader:load_cwl_from_yaml:315 - Updating the model from version 'v1.0' to version 'v1.2'...
2026-09-18 17:39:40.344 | DEBUG    | cwl_loader:load_cwl_from_yaml:330 - Raw CWL document successfully updated to v1.2!
2026-09-18 17:39:40.344 | DEBUG    | cwl_loader:load_cwl_from_yaml:336 - Parsing the raw CWL document to the CWL Utils DOM...
2026-09-18 17:40:56.725 | DEBUG    | cwl_loader:load_cwl_from_yaml:347 - Raw CWL document successfully parsed to the CWL Utils DOM!
2026-09-18 17:40:56.725 | DEBUG    | cwl_loader:load_cwl_from_yaml:349 - Dereferencing the steps[].run...
2026-09-18 17:40:56.725 | DEBUG    | cwl_loader:load_cwl_from_yaml:353 - steps[].run successfully dereferenced! Dereferencing the FQNs...
2026-09-18 17:40:56.725 | DEBUG    | cwl_loader:load_cwl_from_yaml:357 - CWL document successfully dereferenced! Now verifying steps[].run integrity...
2026-09-18 17:40:56.725 | DEBUG    | cwl_loader:load_cwl_from_yaml:363 - All steps[].run link are resolvable! 
2026-09-18 17:40:56.725 | DEBUG    | cwl_loader:load_cwl_from_yaml:366 - Sorting Process instances by dependencies....
2026-09-18 17:40:56.725 | DEBUG    | cwl_loader:load_cwl_from_yaml:368 - Sorting process is over.
2026-09-18 17:40:56.725 | DEBUG    | cwl_loader:_load_cwl_from_stream:430 - Stream from /Users/anushacs/Downloads/python-packages/zoo-calrissian-runner/assets/stagein-file.yaml successfully load!
2026-09-18 17:40:56.725 | DEBUG    | cwl_loader:load_cwl_from_location:421 - Loading CWL document from /Users/anushacs/Downloads/python-packages/zoo-calrissian-runner/assets/stageout.yaml...
2026-09-18 17:40:56.725 | DEBUG    | cwl_loader:_load_cwl_from_stream:424 - Reading stream from /Users/anushacs/Downloads/python-packages/zoo-calrissian-runner/assets/stageout.yaml...
2026-09-18 17:40:56.737 | DEBUG    | cwl_loader:load_cwl_from_stream:398 - CWL data of type <class 'ruamel.yaml.comments.CommentedMap'> successfully loaded from stream
2026-09-18 17:40:56.737 | DEBUG    | cwl_loader:load_cwl_from_yaml:315 - Updating the model from version 'v1.0' to version 'v1.2'...
2026-09-18 17:40:56.738 | DEBUG    | cwl_loader:load_cwl_from_yaml:330 - Raw CWL document successfully updated to v1.2!
2026-09-18 17:40:56.738 | DEBUG    | cwl_loader:load_cwl_from_yaml:336 - Parsing the raw CWL document to the CWL Utils DOM...
2026-09-18 17:42:12.582 | DEBUG    | cwl_loader:load_cwl_from_yaml:347 - Raw CWL document successfully parsed to the CWL Utils DOM!
2026-09-18 17:42:12.583 | DEBUG    | cwl_loader:load_cwl_from_yaml:349 - Dereferencing the steps[].run...
2026-09-18 17:42:12.583 | DEBUG    | cwl_loader:load_cwl_from_yaml:353 - steps[].run successfully dereferenced! Dereferencing the FQNs...
2026-09-18 17:42:12.583 | DEBUG    | cwl_loader:load_cwl_from_yaml:357 - CWL document successfully dereferenced! Now verifying steps[].run integrity...
2026-09-18 17:42:12.583 | DEBUG    | cwl_loader:load_cwl_from_yaml:363 - All steps[].run link are resolvable! 
2026-09-18 17:42:12.583 | DEBUG    | cwl_loader:load_cwl_from_yaml:366 - Sorting Process instances by dependencies....
2026-09-18 17:42:12.583 | DEBUG    | cwl_loader:load_cwl_from_yaml:368 - Sorting process is over.
2026-09-18 17:42:12.583 | DEBUG    | cwl_loader:_load_cwl_from_stream:430 - Stream from /Users/anushacs/Downloads/python-packages/zoo-calrissian-runner/assets/stageout.yaml successfully load!
2026-09-18 17:42:12.583 | INFO     | eoap_cwlwrap.types:_validate_stage_in:281 - Validating stage-in 'stage-in-directory'...
2026-09-18 17:42:12.583 | INFO     | eoap_cwlwrap.types:_validate_stage_in:303 - stage-in 'stage-in-directory' is valid
2026-09-18 17:42:12.583 | INFO     | eoap_cwlwrap.types:_validate_stage_in:281 - Validating stage-in 'stage-in-file'...
2026-09-18 17:42:12.583 | INFO     | eoap_cwlwrap.types:_validate_stage_in:303 - stage-in 'stage-in-file' is valid
2026-09-18 17:42:12.583 | INFO     | eoap_cwlwrap.types:validate_directory_stage_out:339 - Validating directory stage-out 'stage-out'...
2026-09-18 17:42:12.583 | INFO     | eoap_cwlwrap.types:validate_directory_stage_out:361 - directory stage-out 'stage-out' is valid
2026-09-18 17:42:12.583 | INFO     | eoap_cwlwrap:_build_orchestrator_workflow:106 - Building the CWL Orchestrator Workflow...
2026-09-18 17:42:12.584 | INFO     | eoap_cwlwrap:_build_orchestrator_workflow:142 - Analyzing burned-area inputs...
2026-09-18 17:42:12.584 | INFO     | eoap_cwlwrap:_build_orchestrator_workflow:158 - * burned-area/pre_event: Directory
2026-09-18 17:42:12.584 | INFO     | eoap_cwlwrap:_build_orchestrator_workflow:171 -   Directory type detected, creating a related 'directory_stage_in_0'...
2026-09-18 17:42:12.584 | INFO     | eoap_cwlwrap:_build_orchestrator_workflow:173 -   Converting Directory to URL-compatible type...
2026-09-18 17:42:12.584 | INFO     | eoap_cwlwrap:_build_orchestrator_workflow:177 -   Directory converted to https://raw.githubusercontent.com/eoap/schemas/main/string_format.yaml#URI
2026-09-18 17:42:12.585 | INFO     | eoap_cwlwrap:_build_orchestrator_workflow:220 -   Connecting 'app/pre_event' to 'directory_stage_in_0' output...
2026-09-18 17:42:12.585 | INFO     | eoap_cwlwrap:_build_orchestrator_workflow:158 - * burned-area/post_event: Directory
2026-09-18 17:42:12.585 | INFO     | eoap_cwlwrap:_build_orchestrator_workflow:171 -   Directory type detected, creating a related 'directory_stage_in_1'...
2026-09-18 17:42:12.585 | INFO     | eoap_cwlwrap:_build_orchestrator_workflow:173 -   Converting Directory to URL-compatible type...
2026-09-18 17:42:12.585 | INFO     | eoap_cwlwrap:_build_orchestrator_workflow:177 -   Directory converted to https://raw.githubusercontent.com/eoap/schemas/main/string_format.yaml#URI
2026-09-18 17:42:12.585 | INFO     | eoap_cwlwrap:_build_orchestrator_workflow:220 -   Connecting 'app/post_event' to 'directory_stage_in_1' output...
2026-09-18 17:42:12.585 | INFO     | eoap_cwlwrap:_build_orchestrator_workflow:158 - * burned-area/ndvi_threshold: [ null, string ]
2026-09-18 17:42:12.585 | INFO     | eoap_cwlwrap:_build_orchestrator_workflow:158 - * burned-area/ndwi_threshold: [ null, string ]
2026-09-18 17:42:12.586 | INFO     | eoap_cwlwrap:_build_orchestrator_workflow:271 - Analyzing burned-area outputs...
2026-09-18 17:42:12.586 | INFO     | eoap_cwlwrap:_build_orchestrator_workflow:280 - * burned-area/wf_outputs: Directory
2026-09-18 17:42:12.586 | INFO     | eoap_cwlwrap:_build_orchestrator_workflow:285 -   Directory type detected, creating a related 'stage_out_0'...
2026-09-18 17:42:12.586 | INFO     | eoap_cwlwrap:_build_orchestrator_workflow:287 -   Converting Directory to URL-compatible type...
2026-09-18 17:42:12.586 | INFO     | eoap_cwlwrap:_build_orchestrator_workflow:291 -   Directory converted to https://raw.githubusercontent.com/eoap/schemas/main/string_format.yaml#URI
2026-09-18 17:42:12.588 | INFO     | eoap_cwlwrap:_build_orchestrator_workflow:334 -   Connecting 'app/wf_outputs' to 'stage_out_0' output...
2026-09-18 17:42:12.588 | INFO     | eoap_cwlwrap:_build_orchestrator_workflow:505 - Orchestrator Workflow built in 0.0044 seconds
2026-09-18 17:42:12.642 | WARNING  | zoo_calrissian_runner:execute:199 - Cannot determine app-package.cwl path, skipping Dask config extraction
2026-09-18 17:42:12.642 | INFO     | zoo_calrissian_runner:execute:204 - create kubernetes namespace for Calrissian execution
2026-09-18 17:42:12.642 | INFO     | zoo_calrissian_runner:execute:213 - namespace: burned-area-178973353264285-2f66fbe6-77dc-4322-a633-7701bb891b7
2026-09-18 17:42:12.651 | INFO     | pycalrissian.context:initialise:73 - create namespace burned-area-178973353264285-2f66fbe6-77dc-4322-a633-7701bb891b7
2026-09-18 17:42:12.652 | INFO     | pycalrissian.context:create_namespace:305 - creating namespace burned-area-178973353264285-2f66fbe6-77dc-4322-a633-7701bb891b7
2026-09-18 17:42:17.664 | INFO     | pycalrissian.context:create_namespace:318 - namespace burned-area-178973353264285-2f66fbe6-77dc-4322-a633-7701bb891b7 created
2026-09-18 17:42:17.664 | INFO     | pycalrissian.context:initialise:90 - create role pod-manager-role
2026-09-18 17:42:22.685 | INFO     | pycalrissian.context:create_role:357 - role pod-manager-role created
2026-09-18 17:42:22.685 | INFO     | pycalrissian.context:initialise:99 - create role binding for role pod-manager-role
2026-09-18 17:42:27.706 | INFO     | pycalrissian.context:create_role_binding:397 - role binding pod-manager-default-binding created
2026-09-18 17:42:27.707 | INFO     | pycalrissian.context:initialise:90 - create role log-reader-role
2026-09-18 17:42:32.721 | INFO     | pycalrissian.context:create_role:357 - role log-reader-role created
2026-09-18 17:42:32.721 | INFO     | pycalrissian.context:initialise:99 - create role binding for role log-reader-role
2026-09-18 17:42:37.740 | INFO     | pycalrissian.context:create_role_binding:397 - role binding log-reader-default-binding created
2026-09-18 17:42:37.740 | INFO     | pycalrissian.context:initialise:104 - create persistent volume claim 'calrissian-wdir' of 10Mi with storage class hostpath
2026-09-18 17:42:42.765 | INFO     | pycalrissian.context:create_pvc:483 - pvc calrissian-wdir created
2026-09-18 17:42:42.766 | INFO     | pycalrissian.context:initialise:118 - create secret container-rg
2026-09-18 17:42:47.777 | INFO     | pycalrissian.context:create_image_pull_secret:577 - image pull secret container-rg created
2026-09-18 17:42:47.777 | INFO     | pycalrissian.context:initialise:121 - patch service account
2026-09-18 17:42:47.784 | INFO     | zoo_calrissian_runner:execute:276 - Converting URI parameter 'pre_event' to {value: ...} format for orchestrator
2026-09-18 17:42:47.784 | INFO     | zoo_calrissian_runner:execute:276 - Converting URI parameter 'post_event' to {value: ...} format for orchestrator
2026-09-18 17:42:47.784 | INFO     | zoo_calrissian_runner:execute:296 - Transforming parameter ADES_STAGEOUT_AWS_SERVICEURL → STAGEOUT_AWS_SERVICEURL for orchestrator
2026-09-18 17:42:47.784 | INFO     | zoo_calrissian_runner:execute:296 - Transforming parameter ADES_STAGEOUT_AWS_REGION → STAGEOUT_AWS_REGION for orchestrator
2026-09-18 17:42:47.784 | INFO     | zoo_calrissian_runner:execute:296 - Transforming parameter ADES_STAGEOUT_AWS_ACCESS_KEY_ID → STAGEOUT_AWS_ACCESS_KEY_ID for orchestrator
2026-09-18 17:42:47.785 | INFO     | zoo_calrissian_runner:execute:296 - Transforming parameter ADES_STAGEOUT_AWS_SECRET_ACCESS_KEY → STAGEOUT_AWS_SECRET_ACCESS_KEY for orchestrator
2026-09-18 17:42:47.785 | INFO     | zoo_calrissian_runner:execute:296 - Transforming parameter ADES_STAGEOUT_OUTPUT → STAGEOUT_OUTPUT for orchestrator
2026-09-18 17:42:47.785 | INFO     | zoo_calrissian_runner:execute:306 - Processing parameters: {'process': 'burned-area-178973353264285-2f66fbe6-77dc-4322-a633-7701bb891b7', 'pre_event': {'value': 'https://catalog.terradue.com/sentinel2/search?format=atom&uid=S2A_MSIL1C_20220628T112131_N0400_R037_T29SPD_20220628T145901&do=[terradue]'}, 'post_event': {'value': 'https://catalog.terradue.com/sentinel2/search?format=atom&uid=S2B_MSIL1C_20220723T112119_N0400_R037_T29SPD_20220723T121256&do=[terradue]'}, 'ndvi_threshold': '0.19', 'ndwi_threshold': '0.18', 'STAGEOUT_AWS_SERVICEURL': '', 'STAGEOUT_AWS_REGION': '', 'STAGEOUT_AWS_ACCESS_KEY_ID': '', 'STAGEOUT_AWS_SECRET_ACCESS_KEY': '', 'ADES_STAGEIN_AWS_SERVICEURL': '', 'ADES_STAGEIN_AWS_REGION': '', 'ADES_STAGEIN_AWS_ACCESS_KEY_ID': '', 'ADES_STAGEIN_AWS_SECRET_ACCESS_KEY': '', 'STAGEOUT_OUTPUT': ''}
2026-09-18 17:42:47.785 | INFO     | zoo_calrissian_runner:execute:331 - create Calrissian job
2026-09-18 17:42:47.785 | INFO     | pycalrissian.job:__init__:69 - using default security context {'runAsUser': 0, 'runAsGroup': 0, 'fsGroup': 0}
2026-09-18 17:42:47.786 | INFO     | pycalrissian.job:__init__:80 - job name: job-1789733567785999-fd4ac9ef-5f45-4021-898b-cae916344f51
2026-09-18 17:42:47.786 | INFO     | pycalrissian.job:__init__:81 - create CWL config map
2026-09-18 17:42:52.824 | INFO     | pycalrissian.context:create_configmap:534 - config map cwl-workflow created
2026-09-18 17:42:52.824 | INFO     | pycalrissian.job:__init__:83 - create processing parameters config map
2026-09-18 17:42:57.848 | INFO     | pycalrissian.context:create_configmap:534 - config map params created
2026-09-18 17:42:57.849 | INFO     | pycalrissian.job:__init__:87 - create pod environment variables config map
2026-09-18 17:43:02.863 | INFO     | pycalrissian.context:create_configmap:534 - config map pod-env-vars created
2026-09-18 17:43:02.864 | INFO     | zoo_calrissian_runner:execute:365 - execution
2026-09-18 17:43:02.864 | INFO     | pycalrissian.execution:submit:32 - submit job job-1789733567785999-fd4ac9ef-5f45-4021-898b-cae916344f51
2026-09-18 17:43:02.865 | INFO     | pycalrissian.job:_get_calrissian_container:420 - using Calrissian image: terradue/calrissian:0.12.0
2026-09-18 17:43:02.873 | INFO     | pycalrissian.execution:submit:38 - job job-1789733567785999-fd4ac9ef-5f45-4021-898b-cae916344f51 submitted
2026-09-18 17:43:02.879 | INFO     | pycalrissian.execution:monitor:210 - job job-1789733567785999-fd4ac9ef-5f45-4021-898b-cae916344f51 is active
2026-09-18 17:43:32.891 | INFO     | pycalrissian.execution:monitor:210 - job job-1789733567785999-fd4ac9ef-5f45-4021-898b-cae916344f51 is active
2026-09-18 17:44:02.904 | INFO     | pycalrissian.execution:monitor:210 - job job-1789733567785999-fd4ac9ef-5f45-4021-898b-cae916344f51 is active
2026-09-18 17:44:32.912 | INFO     | pycalrissian.execution:monitor:210 - job job-1789733567785999-fd4ac9ef-5f45-4021-898b-cae916344f51 is active
2026-09-18 17:45:02.933 | INFO     | pycalrissian.execution:monitor:239 - execution is complete
2026-09-18 17:45:02.948 | INFO     | zoo_calrissian_runner:execute:372 - execution complete
2026-09-18 17:45:02.953 | INFO     | zoo_calrissian_runner:execute:383 - handle outputs execution logs
copy /calrissian/output.json to .
Internal dnbr module failed/skipped
Not running in zoo instance
Status 2
Status 5
Status 10
Status 15
Status 21
Status 23
Status 90
STDERR: tar: removing leading '/' from member names

copy /calrissian/report.json to .
STDERR: tar: removing leading '/' from member names

copy /calrissian/report.json to .
STDERR: tar: removing leading '/' from member names

copy /calrissian/directory_stage_in_1.log to .
copy /calrissian/directory_stage_in_0.log to .
STDERR: tar: removing leading '/' from member names

STDERR: tar: removing leading '/' from member names

2026-09-18 17:45:25.617 | INFO     | zoo_calrissian_runner:execute:411 - clean-up kubernetes resources
2026-09-18 17:45:25.632 | INFO     | pycalrissian.context:dispose:133 - delete pod directory-stage-in-0-pod-nbojdtcn
2026-09-18 17:45:25.638 | INFO     | pycalrissian.context:dispose:133 - delete pod directory-stage-in-1-pod-uzcrevqx
2026-09-18 17:45:25.644 | INFO     | pycalrissian.context:dispose:133 - delete pod job-1789733567785999-fd4ac9ef-5f45-4021-898b-cae916344f51-5xj5s
2026-09-18 17:45:25.652 | INFO     | pycalrissian.context:dispose:133 - delete pod job-1789733567785999-fd4ac9ef-5f45-4021-898b-cae916344f51-fr2gk
2026-09-18 17:45:25.659 | INFO     | pycalrissian.context:dispose:133 - delete pod job-1789733567785999-fd4ac9ef-5f45-4021-898b-cae916344f51-nzvtg
2026-09-18 17:45:25.668 | INFO     | pycalrissian.context:dispose:133 - delete pod kube-cp-02123e
2026-09-18 17:45:25.671 | INFO     | pycalrissian.context:dispose:133 - delete pod kube-cp-635c87
2026-09-18 17:45:25.675 | INFO     | pycalrissian.context:dispose:133 - delete pod kube-cp-e62c5b
2026-09-18 17:45:25.678 | INFO     | pycalrissian.context:dispose:133 - delete pod kube-cp-f90374
2026-09-18 17:45:25.681 | INFO     | pycalrissian.context:dispose:136 - dispose namespace burned-area-178973353264285-2f66fbe6-77dc-4322-a633-7701bb891b7
2026-09-18 17:45:25.684 | INFO     | pycalrissian.context:dispose:144 - namespace burned-area-178973353264285-2f66fbe6-77dc-4322-a633-7701bb891b7 deleted
F2026-09-18 17:45:25.688 | DEBUG    | cwl_loader:_clean_custom_namespaces:171 - Saved original $namespaces: {'s': 'https://schema.org/'}
2026-09-18 17:45:25.688 | DEBUG    | cwl_loader:load_cwl_from_yaml:315 - Updating the model from version 'v1.0' to version 'v1.2'...
2026-09-18 17:45:25.688 | DEBUG    | cwl_loader:load_cwl_from_yaml:330 - Raw CWL document successfully updated to v1.2!
2026-09-18 17:45:25.688 | DEBUG    | cwl_loader:load_cwl_from_yaml:336 - Parsing the raw CWL document to the CWL Utils DOM...
2026-09-18 17:45:25.689 | DEBUG    | cwl_loader:load_cwl_from_yaml:347 - Raw CWL document successfully parsed to the CWL Utils DOM!
2026-09-18 17:45:25.689 | DEBUG    | cwl_loader:load_cwl_from_yaml:349 - Dereferencing the steps[].run...
2026-09-18 17:45:25.689 | DEBUG    | cwl_loader:_on_process:237 - Checking if #main must be externally imported...
2026-09-18 17:45:25.689 | DEBUG    | cwl_loader:_on_process:241 - run_url:  - uri: io://
2026-09-18 17:45:25.689 | DEBUG    | cwl_loader:load_cwl_from_yaml:353 - steps[].run successfully dereferenced! Dereferencing the FQNs...
2026-09-18 17:45:25.689 | DEBUG    | cwl_loader:load_cwl_from_yaml:357 - CWL document successfully dereferenced! Now verifying steps[].run integrity...
2026-09-18 17:45:25.689 | DEBUG    | cwl_loader:load_cwl_from_yaml:363 - All steps[].run link are resolvable! 
2026-09-18 17:45:25.689 | DEBUG    | cwl_loader:load_cwl_from_yaml:366 - Sorting Process instances by dependencies....
2026-09-18 17:45:25.689 | DEBUG    | cwl_loader:load_cwl_from_yaml:368 - Sorting process is over.
2026-09-18 17:45:25.689 | INFO     | zoo_calrissian_runner:execute:156 - execution started
2026-09-18 17:45:25.689 | INFO     | zoo_calrissian_runner:execute:159 - wrap CWL workflow with stage-in/out steps
2026-09-18 17:45:25.689 | WARNING  | zoo_calrissian_runner:wrap:467 - No auth_env/cwd found, using self.workflow.cwl without customs
2026-09-18 17:45:25.689 | INFO     | zoo_calrissian_runner:wrap:487 - Renaming 'main' to 's-expression_clt' to avoid conflict with orchestrator
2026-09-18 17:45:25.689 | INFO     | zoo_calrissian_runner:wrap:497 - Updated step 'step_1' to reference '#s-expression_clt'
2026-09-18 17:45:25.689 | INFO     | zoo_calrissian_runner:wrap:503 - Wrapping process: s-expression
2026-09-18 17:45:25.689 | DEBUG    | cwl_loader:load_cwl_from_location:421 - Loading CWL document from /Users/anushacs/Downloads/python-packages/zoo-calrissian-runner/assets/stagein.yaml...
2026-09-18 17:45:25.689 | DEBUG    | cwl_loader:_load_cwl_from_stream:424 - Reading stream from /Users/anushacs/Downloads/python-packages/zoo-calrissian-runner/assets/stagein.yaml...
2026-09-18 17:45:25.692 | DEBUG    | cwl_loader:load_cwl_from_stream:398 - CWL data of type <class 'ruamel.yaml.comments.CommentedMap'> successfully loaded from stream
2026-09-18 17:45:25.693 | DEBUG    | cwl_loader:load_cwl_from_yaml:315 - Updating the model from version 'v1.0' to version 'v1.2'...
2026-09-18 17:45:25.693 | DEBUG    | cwl_loader:load_cwl_from_yaml:330 - Raw CWL document successfully updated to v1.2!
2026-09-18 17:45:25.693 | DEBUG    | cwl_loader:load_cwl_from_yaml:336 - Parsing the raw CWL document to the CWL Utils DOM...
2026-09-18 17:46:41.654 | DEBUG    | cwl_loader:load_cwl_from_yaml:347 - Raw CWL document successfully parsed to the CWL Utils DOM!
2026-09-18 17:46:41.654 | DEBUG    | cwl_loader:load_cwl_from_yaml:349 - Dereferencing the steps[].run...
2026-09-18 17:46:41.654 | DEBUG    | cwl_loader:load_cwl_from_yaml:353 - steps[].run successfully dereferenced! Dereferencing the FQNs...
2026-09-18 17:46:41.654 | DEBUG    | cwl_loader:load_cwl_from_yaml:357 - CWL document successfully dereferenced! Now verifying steps[].run integrity...
2026-09-18 17:46:41.654 | DEBUG    | cwl_loader:load_cwl_from_yaml:363 - All steps[].run link are resolvable! 
2026-09-18 17:46:41.654 | DEBUG    | cwl_loader:load_cwl_from_yaml:366 - Sorting Process instances by dependencies....
2026-09-18 17:46:41.654 | DEBUG    | cwl_loader:load_cwl_from_yaml:368 - Sorting process is over.
2026-09-18 17:46:41.654 | DEBUG    | cwl_loader:_load_cwl_from_stream:430 - Stream from /Users/anushacs/Downloads/python-packages/zoo-calrissian-runner/assets/stagein.yaml successfully load!
2026-09-18 17:46:41.654 | DEBUG    | cwl_loader:load_cwl_from_location:421 - Loading CWL document from /Users/anushacs/Downloads/python-packages/zoo-calrissian-runner/assets/stagein-file.yaml...
2026-09-18 17:46:41.655 | DEBUG    | cwl_loader:_load_cwl_from_stream:424 - Reading stream from /Users/anushacs/Downloads/python-packages/zoo-calrissian-runner/assets/stagein-file.yaml...
2026-09-18 17:46:41.663 | DEBUG    | cwl_loader:load_cwl_from_stream:398 - CWL data of type <class 'ruamel.yaml.comments.CommentedMap'> successfully loaded from stream
2026-09-18 17:46:41.663 | DEBUG    | cwl_loader:load_cwl_from_yaml:315 - Updating the model from version 'v1.0' to version 'v1.2'...
2026-09-18 17:46:41.664 | DEBUG    | cwl_loader:load_cwl_from_yaml:330 - Raw CWL document successfully updated to v1.2!
2026-09-18 17:46:41.664 | DEBUG    | cwl_loader:load_cwl_from_yaml:336 - Parsing the raw CWL document to the CWL Utils DOM...
2026-09-18 17:47:57.577 | DEBUG    | cwl_loader:load_cwl_from_yaml:347 - Raw CWL document successfully parsed to the CWL Utils DOM!
2026-09-18 17:47:57.577 | DEBUG    | cwl_loader:load_cwl_from_yaml:349 - Dereferencing the steps[].run...
2026-09-18 17:47:57.578 | DEBUG    | cwl_loader:load_cwl_from_yaml:353 - steps[].run successfully dereferenced! Dereferencing the FQNs...
2026-09-18 17:47:57.578 | DEBUG    | cwl_loader:load_cwl_from_yaml:357 - CWL document successfully dereferenced! Now verifying steps[].run integrity...
2026-09-18 17:47:57.578 | DEBUG    | cwl_loader:load_cwl_from_yaml:363 - All steps[].run link are resolvable! 
2026-09-18 17:47:57.578 | DEBUG    | cwl_loader:load_cwl_from_yaml:366 - Sorting Process instances by dependencies....
2026-09-18 17:47:57.578 | DEBUG    | cwl_loader:load_cwl_from_yaml:368 - Sorting process is over.
2026-09-18 17:47:57.578 | DEBUG    | cwl_loader:_load_cwl_from_stream:430 - Stream from /Users/anushacs/Downloads/python-packages/zoo-calrissian-runner/assets/stagein-file.yaml successfully load!
2026-09-18 17:47:57.578 | DEBUG    | cwl_loader:load_cwl_from_location:421 - Loading CWL document from /Users/anushacs/Downloads/python-packages/zoo-calrissian-runner/assets/stageout.yaml...
2026-09-18 17:47:57.579 | DEBUG    | cwl_loader:_load_cwl_from_stream:424 - Reading stream from /Users/anushacs/Downloads/python-packages/zoo-calrissian-runner/assets/stageout.yaml...
2026-09-18 17:47:57.594 | DEBUG    | cwl_loader:load_cwl_from_stream:398 - CWL data of type <class 'ruamel.yaml.comments.CommentedMap'> successfully loaded from stream
2026-09-18 17:47:57.595 | DEBUG    | cwl_loader:load_cwl_from_yaml:315 - Updating the model from version 'v1.0' to version 'v1.2'...
2026-09-18 17:47:57.595 | DEBUG    | cwl_loader:load_cwl_from_yaml:330 - Raw CWL document successfully updated to v1.2!
2026-09-18 17:47:57.595 | DEBUG    | cwl_loader:load_cwl_from_yaml:336 - Parsing the raw CWL document to the CWL Utils DOM...
2026-09-18 17:49:13.526 | DEBUG    | cwl_loader:load_cwl_from_yaml:347 - Raw CWL document successfully parsed to the CWL Utils DOM!
2026-09-18 17:49:13.526 | DEBUG    | cwl_loader:load_cwl_from_yaml:349 - Dereferencing the steps[].run...
2026-09-18 17:49:13.526 | DEBUG    | cwl_loader:load_cwl_from_yaml:353 - steps[].run successfully dereferenced! Dereferencing the FQNs...
2026-09-18 17:49:13.526 | DEBUG    | cwl_loader:load_cwl_from_yaml:357 - CWL document successfully dereferenced! Now verifying steps[].run integrity...
2026-09-18 17:49:13.526 | DEBUG    | cwl_loader:load_cwl_from_yaml:363 - All steps[].run link are resolvable! 
2026-09-18 17:49:13.526 | DEBUG    | cwl_loader:load_cwl_from_yaml:366 - Sorting Process instances by dependencies....
2026-09-18 17:49:13.526 | DEBUG    | cwl_loader:load_cwl_from_yaml:368 - Sorting process is over.
2026-09-18 17:49:13.526 | DEBUG    | cwl_loader:_load_cwl_from_stream:430 - Stream from /Users/anushacs/Downloads/python-packages/zoo-calrissian-runner/assets/stageout.yaml successfully load!
2026-09-18 17:49:13.526 | INFO     | eoap_cwlwrap.types:_validate_stage_in:281 - Validating stage-in 'stage-in-directory'...
2026-09-18 17:49:13.526 | INFO     | eoap_cwlwrap.types:_validate_stage_in:303 - stage-in 'stage-in-directory' is valid
2026-09-18 17:49:13.526 | INFO     | eoap_cwlwrap.types:_validate_stage_in:281 - Validating stage-in 'stage-in-file'...
2026-09-18 17:49:13.526 | INFO     | eoap_cwlwrap.types:_validate_stage_in:303 - stage-in 'stage-in-file' is valid
2026-09-18 17:49:13.526 | INFO     | eoap_cwlwrap.types:validate_directory_stage_out:339 - Validating directory stage-out 'stage-out'...
2026-09-18 17:49:13.526 | INFO     | eoap_cwlwrap.types:validate_directory_stage_out:361 - directory stage-out 'stage-out' is valid
2026-09-18 17:49:13.526 | INFO     | eoap_cwlwrap:_build_orchestrator_workflow:106 - Building the CWL Orchestrator Workflow...
2026-09-18 17:49:13.527 | INFO     | eoap_cwlwrap:_build_orchestrator_workflow:142 - Analyzing s-expression inputs...
2026-09-18 17:49:13.527 | INFO     | eoap_cwlwrap:_build_orchestrator_workflow:158 - * s-expression/input_reference: Directory
2026-09-18 17:49:13.527 | INFO     | eoap_cwlwrap:_build_orchestrator_workflow:171 -   Directory type detected, creating a related 'directory_stage_in_0'...
2026-09-18 17:49:13.527 | INFO     | eoap_cwlwrap:_build_orchestrator_workflow:173 -   Converting Directory to URL-compatible type...
2026-09-18 17:49:13.527 | INFO     | eoap_cwlwrap:_build_orchestrator_workflow:177 -   Directory converted to https://raw.githubusercontent.com/eoap/schemas/main/string_format.yaml#URI
2026-09-18 17:49:13.528 | INFO     | eoap_cwlwrap:_build_orchestrator_workflow:220 -   Connecting 'app/input_reference' to 'directory_stage_in_0' output...
2026-09-18 17:49:13.528 | INFO     | eoap_cwlwrap:_build_orchestrator_workflow:158 - * s-expression/s_expression: string
2026-09-18 17:49:13.528 | INFO     | eoap_cwlwrap:_build_orchestrator_workflow:158 - * s-expression/cbn: string
2026-09-18 17:49:13.528 | INFO     | eoap_cwlwrap:_build_orchestrator_workflow:271 - Analyzing s-expression outputs...
2026-09-18 17:49:13.528 | INFO     | eoap_cwlwrap:_build_orchestrator_workflow:280 - * s-expression/wf_outputs: Directory
2026-09-18 17:49:13.528 | INFO     | eoap_cwlwrap:_build_orchestrator_workflow:285 -   Directory type detected, creating a related 'stage_out_0'...
2026-09-18 17:49:13.528 | INFO     | eoap_cwlwrap:_build_orchestrator_workflow:287 -   Converting Directory to URL-compatible type...
2026-09-18 17:49:13.528 | INFO     | eoap_cwlwrap:_build_orchestrator_workflow:291 -   Directory converted to https://raw.githubusercontent.com/eoap/schemas/main/string_format.yaml#URI
2026-09-18 17:49:13.529 | INFO     | eoap_cwlwrap:_build_orchestrator_workflow:334 -   Connecting 'app/wf_outputs' to 'stage_out_0' output...
2026-09-18 17:49:13.530 | INFO     | eoap_cwlwrap:_build_orchestrator_workflow:505 - Orchestrator Workflow built in 0.0032 seconds
2026-09-18 17:49:13.585 | WARNING  | zoo_calrissian_runner:execute:199 - Cannot determine app-package.cwl path, skipping Dask config extraction
2026-09-18 17:49:13.585 | INFO     | zoo_calrissian_runner:execute:204 - create kubernetes namespace for Calrissian execution
2026-09-18 17:49:13.586 | INFO     | zoo_calrissian_runner:execute:213 - namespace: s-expression-1789733953585994-2629832a-1878-41b2-a045-570f10c5b
2026-09-18 17:49:13.599 | INFO     | pycalrissian.context:initialise:73 - create namespace s-expression-1789733953585994-2629832a-1878-41b2-a045-570f10c5b
2026-09-18 17:49:13.600 | INFO     | pycalrissian.context:create_namespace:305 - creating namespace s-expression-1789733953585994-2629832a-1878-41b2-a045-570f10c5b
2026-09-18 17:49:18.610 | INFO     | pycalrissian.context:create_namespace:318 - namespace s-expression-1789733953585994-2629832a-1878-41b2-a045-570f10c5b created
2026-09-18 17:49:18.610 | INFO     | pycalrissian.context:initialise:90 - create role pod-manager-role
2026-09-18 17:49:23.628 | INFO     | pycalrissian.context:create_role:357 - role pod-manager-role created
2026-09-18 17:49:23.628 | INFO     | pycalrissian.context:initialise:99 - create role binding for role pod-manager-role
2026-09-18 17:49:28.649 | INFO     | pycalrissian.context:create_role_binding:397 - role binding pod-manager-default-binding created
2026-09-18 17:49:28.650 | INFO     | pycalrissian.context:initialise:90 - create role log-reader-role
2026-09-18 17:49:33.662 | INFO     | pycalrissian.context:create_role:357 - role log-reader-role created
2026-09-18 17:49:33.662 | INFO     | pycalrissian.context:initialise:99 - create role binding for role log-reader-role
2026-09-18 17:49:38.673 | INFO     | pycalrissian.context:create_role_binding:397 - role binding log-reader-default-binding created
2026-09-18 17:49:38.673 | INFO     | pycalrissian.context:initialise:104 - create persistent volume claim 'calrissian-wdir' of 10Mi with storage class hostpath
2026-09-18 17:49:43.687 | INFO     | pycalrissian.context:create_pvc:483 - pvc calrissian-wdir created
2026-09-18 17:49:43.688 | INFO     | pycalrissian.context:initialise:118 - create secret container-rg
2026-09-18 17:49:48.695 | INFO     | pycalrissian.context:create_image_pull_secret:577 - image pull secret container-rg created
2026-09-18 17:49:48.696 | INFO     | pycalrissian.context:initialise:121 - patch service account
2026-09-18 17:49:48.700 | INFO     | zoo_calrissian_runner:execute:276 - Converting URI parameter 'input_reference' to {value: ...} format for orchestrator
2026-09-18 17:49:48.700 | INFO     | zoo_calrissian_runner:execute:296 - Transforming parameter ADES_STAGEOUT_AWS_SERVICEURL → STAGEOUT_AWS_SERVICEURL for orchestrator
2026-09-18 17:49:48.700 | INFO     | zoo_calrissian_runner:execute:296 - Transforming parameter ADES_STAGEOUT_AWS_REGION → STAGEOUT_AWS_REGION for orchestrator
2026-09-18 17:49:48.700 | INFO     | zoo_calrissian_runner:execute:296 - Transforming parameter ADES_STAGEOUT_AWS_ACCESS_KEY_ID → STAGEOUT_AWS_ACCESS_KEY_ID for orchestrator
2026-09-18 17:49:48.700 | INFO     | zoo_calrissian_runner:execute:296 - Transforming parameter ADES_STAGEOUT_AWS_SECRET_ACCESS_KEY → STAGEOUT_AWS_SECRET_ACCESS_KEY for orchestrator
2026-09-18 17:49:48.700 | INFO     | zoo_calrissian_runner:execute:296 - Transforming parameter ADES_STAGEOUT_OUTPUT → STAGEOUT_OUTPUT for orchestrator
2026-09-18 17:49:48.700 | INFO     | zoo_calrissian_runner:execute:306 - Processing parameters: {'process': 's-expression-1789733953585994-2629832a-1878-41b2-a045-570f10c5b', 'input_reference': {'value': 'https://catalog.terradue.com/sentinel2/search?format=atom&uid=S2A_MSIL1C_20220724T100041_N0400_R122_T33TUH_20220724T120137&do=[terradue]'}, 's_expression': '(/ (- green red) (+ green red))', 'cbn': 'ndvi', 'STAGEOUT_AWS_SERVICEURL': '', 'STAGEOUT_AWS_REGION': '', 'STAGEOUT_AWS_ACCESS_KEY_ID': '', 'STAGEOUT_AWS_SECRET_ACCESS_KEY': '', 'ADES_STAGEIN_AWS_SERVICEURL': '', 'ADES_STAGEIN_AWS_REGION': '', 'ADES_STAGEIN_AWS_ACCESS_KEY_ID': '', 'ADES_STAGEIN_AWS_SECRET_ACCESS_KEY': '', 'STAGEOUT_OUTPUT': ''}
2026-09-18 17:49:48.700 | INFO     | zoo_calrissian_runner:execute:331 - create Calrissian job
2026-09-18 17:49:48.700 | INFO     | pycalrissian.job:__init__:69 - using default security context {'runAsUser': 0, 'runAsGroup': 0, 'fsGroup': 0}
2026-09-18 17:49:48.700 | INFO     | pycalrissian.job:__init__:80 - job name: job-178973398870057-5fca1cc1-8158-4f32-97f1-519fafa3a37c
2026-09-18 17:49:48.700 | INFO     | pycalrissian.job:__init__:81 - create CWL config map
2026-09-18 17:49:53.727 | INFO     | pycalrissian.context:create_configmap:534 - config map cwl-workflow created
2026-09-18 17:49:53.728 | INFO     | pycalrissian.job:__init__:83 - create processing parameters config map
2026-09-18 17:49:58.747 | INFO     | pycalrissian.context:create_configmap:534 - config map params created
2026-09-18 17:49:58.747 | INFO     | pycalrissian.job:__init__:87 - create pod environment variables config map
2026-09-18 17:50:03.757 | INFO     | pycalrissian.context:create_configmap:534 - config map pod-env-vars created
2026-09-18 17:50:03.757 | INFO     | zoo_calrissian_runner:execute:365 - execution
2026-09-18 17:50:03.757 | INFO     | pycalrissian.execution:submit:32 - submit job job-178973398870057-5fca1cc1-8158-4f32-97f1-519fafa3a37c
2026-09-18 17:50:03.759 | INFO     | pycalrissian.job:_get_calrissian_container:420 - using Calrissian image: terradue/calrissian:0.12.0
2026-09-18 17:50:03.768 | INFO     | pycalrissian.execution:submit:38 - job job-178973398870057-5fca1cc1-8158-4f32-97f1-519fafa3a37c submitted
2026-09-18 17:50:03.776 | INFO     | pycalrissian.execution:monitor:210 - job job-178973398870057-5fca1cc1-8158-4f32-97f1-519fafa3a37c is active
2026-09-18 17:50:33.785 | INFO     | pycalrissian.execution:monitor:210 - job job-178973398870057-5fca1cc1-8158-4f32-97f1-519fafa3a37c is active
2026-09-18 17:51:03.797 | INFO     | pycalrissian.execution:monitor:210 - job job-178973398870057-5fca1cc1-8158-4f32-97f1-519fafa3a37c is active
2026-09-18 17:51:33.810 | INFO     | pycalrissian.execution:monitor:239 - execution is complete
2026-09-18 17:51:33.818 | INFO     | zoo_calrissian_runner:execute:372 - execution complete
2026-09-18 17:51:33.822 | INFO     | zoo_calrissian_runner:execute:383 - handle outputs execution logs
copy /calrissian/output.json to .
Status 97
Status 99
Status 100
exit value: 4
Not running in zoo instance
Status 2
Status 5
Status 10
Status 15
Status 21
Status 23
Status 90
STDERR: tar: removing leading '/' from member names

copy /calrissian/report.json to .
STDERR: tar: removing leading '/' from member names

copy /calrissian/report.json to .
STDERR: tar: removing leading '/' from member names

copy /calrissian/directory_stage_in_0.log to .
STDERR: tar: removing leading '/' from member names

2026-09-18 17:51:57.350 | INFO     | zoo_calrissian_runner:execute:411 - clean-up kubernetes resources
2026-09-18 17:51:57.362 | INFO     | pycalrissian.context:dispose:133 - delete pod job-178973398870057-5fca1cc1-8158-4f32-97f1-519fafa3a37c-pwhwx
2026-09-18 17:51:57.369 | INFO     | pycalrissian.context:dispose:133 - delete pod job-178973398870057-5fca1cc1-8158-4f32-97f1-519fafa3a37c-qz5nk
2026-09-18 17:51:57.378 | INFO     | pycalrissian.context:dispose:133 - delete pod job-178973398870057-5fca1cc1-8158-4f32-97f1-519fafa3a37c-zxk5m
2026-09-18 17:51:57.385 | INFO     | pycalrissian.context:dispose:133 - delete pod kube-cp-16bd37
2026-09-18 17:51:57.388 | INFO     | pycalrissian.context:dispose:133 - delete pod kube-cp-4e3a09
2026-09-18 17:51:57.391 | INFO     | pycalrissian.context:dispose:133 - delete pod kube-cp-a20434
2026-09-18 17:51:57.393 | INFO     | pycalrissian.context:dispose:133 - delete pod kube-cp-e40285
2026-09-18 17:51:57.397 | INFO     | pycalrissian.context:dispose:136 - dispose namespace s-expression-1789733953585994-2629832a-1878-41b2-a045-570f10c5b
2026-09-18 17:51:57.400 | INFO     | pycalrissian.context:dispose:144 - namespace s-expression-1789733953585994-2629832a-1878-41b2-a045-570f10c5b deleted
F2026-09-18 17:51:57.400 | DEBUG    | cwl_loader:_clean_custom_namespaces:171 - Saved original $namespaces: {'s': 'https://schema.org/'}
2026-09-18 17:51:57.400 | DEBUG    | cwl_loader:load_cwl_from_yaml:315 - Updating the model from version 'v1.0' to version 'v1.2'...
2026-09-18 17:51:57.400 | DEBUG    | cwl_loader:load_cwl_from_yaml:330 - Raw CWL document successfully updated to v1.2!
2026-09-18 17:51:57.400 | DEBUG    | cwl_loader:load_cwl_from_yaml:336 - Parsing the raw CWL document to the CWL Utils DOM...
2026-09-18 17:51:57.401 | DEBUG    | cwl_loader:load_cwl_from_yaml:347 - Raw CWL document successfully parsed to the CWL Utils DOM!
2026-09-18 17:51:57.401 | DEBUG    | cwl_loader:load_cwl_from_yaml:349 - Dereferencing the steps[].run...
2026-09-18 17:51:57.401 | DEBUG    | cwl_loader:_on_process:237 - Checking if #main must be externally imported...
2026-09-18 17:51:57.401 | DEBUG    | cwl_loader:_on_process:241 - run_url:  - uri: io://
2026-09-18 17:51:57.401 | DEBUG    | cwl_loader:load_cwl_from_yaml:353 - steps[].run successfully dereferenced! Dereferencing the FQNs...
2026-09-18 17:51:57.401 | DEBUG    | cwl_loader:load_cwl_from_yaml:357 - CWL document successfully dereferenced! Now verifying steps[].run integrity...
2026-09-18 17:51:57.401 | DEBUG    | cwl_loader:load_cwl_from_yaml:363 - All steps[].run link are resolvable! 
2026-09-18 17:51:57.401 | DEBUG    | cwl_loader:load_cwl_from_yaml:366 - Sorting Process instances by dependencies....
2026-09-18 17:51:57.401 | DEBUG    | cwl_loader:load_cwl_from_yaml:368 - Sorting process is over.
ERROR:root:Missing required input: cbn
2026-09-18 17:51:57.401 | ERROR    | zoo_calrissian_runner:execute:153 - Mandatory parameters missing
.2026-09-18 17:51:57.411 | DEBUG    | cwl_loader:_clean_custom_namespaces:171 - Saved original $namespaces: {'s': 'https://schema.org/', 'io': 'https://me.io'}
2026-09-18 17:51:57.412 | DEBUG    | cwl_loader:load_cwl_from_yaml:315 - Updating the model from version 'v1.0' to version 'v1.2'...
2026-09-18 17:51:57.412 | DEBUG    | cwl_loader:load_cwl_from_yaml:330 - Raw CWL document successfully updated to v1.2!
2026-09-18 17:51:57.412 | DEBUG    | cwl_loader:load_cwl_from_yaml:336 - Parsing the raw CWL document to the CWL Utils DOM...
2026-09-18 17:51:57.416 | DEBUG    | cwl_loader:load_cwl_from_yaml:347 - Raw CWL document successfully parsed to the CWL Utils DOM!
2026-09-18 17:51:57.416 | DEBUG    | cwl_loader:load_cwl_from_yaml:349 - Dereferencing the steps[].run...
2026-09-18 17:51:57.416 | DEBUG    | cwl_loader:_on_process:237 - Checking if #nbr_wf must be externally imported...
2026-09-18 17:51:57.416 | DEBUG    | cwl_loader:_on_process:241 - run_url:  - uri: io://
2026-09-18 17:51:57.416 | DEBUG    | cwl_loader:_on_process:237 - Checking if #main must be externally imported...
2026-09-18 17:51:57.416 | DEBUG    | cwl_loader:_on_process:241 - run_url:  - uri: io://
2026-09-18 17:51:57.416 | DEBUG    | cwl_loader:_on_process:237 - Checking if #gdal_cog_clt must be externally imported...
2026-09-18 17:51:57.416 | DEBUG    | cwl_loader:_on_process:241 - run_url:  - uri: io://
2026-09-18 17:51:57.416 | DEBUG    | cwl_loader:_on_process:237 - Checking if #stacme_clt must be externally imported...
2026-09-18 17:51:57.416 | DEBUG    | cwl_loader:_on_process:241 - run_url:  - uri: io://
2026-09-18 17:51:57.416 | DEBUG    | cwl_loader:_on_process:237 - Checking if #asset_single_clt must be externally imported...
2026-09-18 17:51:57.416 | DEBUG    | cwl_loader:_on_process:241 - run_url:  - uri: io://
2026-09-18 17:51:57.417 | DEBUG    | cwl_loader:_on_process:237 - Checking if #translate_clt must be externally imported...
2026-09-18 17:51:57.417 | DEBUG    | cwl_loader:_on_process:241 - run_url:  - uri: io://
2026-09-18 17:51:57.417 | DEBUG    | cwl_loader:_on_process:237 - Checking if #band_math_clt must be externally imported...
2026-09-18 17:51:57.417 | DEBUG    | cwl_loader:_on_process:241 - run_url:  - uri: io://
2026-09-18 17:51:57.417 | DEBUG    | cwl_loader:_on_process:237 - Checking if #gdal_cog_clt must be externally imported...
2026-09-18 17:51:57.417 | DEBUG    | cwl_loader:_on_process:241 - run_url:  - uri: io://
2026-09-18 17:51:57.417 | DEBUG    | cwl_loader:load_cwl_from_yaml:353 - steps[].run successfully dereferenced! Dereferencing the FQNs...
2026-09-18 17:51:57.417 | DEBUG    | cwl_loader:load_cwl_from_yaml:357 - CWL document successfully dereferenced! Now verifying steps[].run integrity...
2026-09-18 17:51:57.417 | DEBUG    | cwl_loader:load_cwl_from_yaml:363 - All steps[].run link are resolvable! 
2026-09-18 17:51:57.417 | DEBUG    | cwl_loader:load_cwl_from_yaml:366 - Sorting Process instances by dependencies....
2026-09-18 17:51:57.417 | DEBUG    | cwl_loader:load_cwl_from_yaml:368 - Sorting process is over.
2026-09-18 17:51:57.417 | INFO     | zoo_calrissian_runner:execute:156 - execution started
2026-09-18 17:51:57.417 | INFO     | zoo_calrissian_runner:execute:159 - wrap CWL workflow with stage-in/out steps
2026-09-18 17:51:57.417 | WARNING  | zoo_calrissian_runner:wrap:467 - No auth_env/cwd found, using self.workflow.cwl without customs
2026-09-18 17:51:57.417 | INFO     | zoo_calrissian_runner:wrap:487 - Renaming 'main' to 'main_clt' to avoid conflict with orchestrator
2026-09-18 17:51:57.417 | INFO     | zoo_calrissian_runner:wrap:497 - Updated step 'node_dnbr' to reference '#main_clt'
2026-09-18 17:51:57.417 | INFO     | zoo_calrissian_runner:wrap:503 - Wrapping process: main_clt
2026-09-18 17:51:57.417 | DEBUG    | cwl_loader:load_cwl_from_location:421 - Loading CWL document from /Users/anushacs/Downloads/python-packages/zoo-calrissian-runner/assets/stagein.yaml...
2026-09-18 17:51:57.417 | DEBUG    | cwl_loader:_load_cwl_from_stream:424 - Reading stream from /Users/anushacs/Downloads/python-packages/zoo-calrissian-runner/assets/stagein.yaml...
2026-09-18 17:51:57.420 | DEBUG    | cwl_loader:load_cwl_from_stream:398 - CWL data of type <class 'ruamel.yaml.comments.CommentedMap'> successfully loaded from stream
2026-09-18 17:51:57.420 | DEBUG    | cwl_loader:load_cwl_from_yaml:315 - Updating the model from version 'v1.0' to version 'v1.2'...
2026-09-18 17:51:57.420 | DEBUG    | cwl_loader:load_cwl_from_yaml:330 - Raw CWL document successfully updated to v1.2!
2026-09-18 17:51:57.420 | DEBUG    | cwl_loader:load_cwl_from_yaml:336 - Parsing the raw CWL document to the CWL Utils DOM...
2026-09-18 17:53:13.411 | DEBUG    | cwl_loader:load_cwl_from_yaml:347 - Raw CWL document successfully parsed to the CWL Utils DOM!
2026-09-18 17:53:13.411 | DEBUG    | cwl_loader:load_cwl_from_yaml:349 - Dereferencing the steps[].run...
2026-09-18 17:53:13.411 | DEBUG    | cwl_loader:load_cwl_from_yaml:353 - steps[].run successfully dereferenced! Dereferencing the FQNs...
2026-09-18 17:53:13.411 | DEBUG    | cwl_loader:load_cwl_from_yaml:357 - CWL document successfully dereferenced! Now verifying steps[].run integrity...
2026-09-18 17:53:13.411 | DEBUG    | cwl_loader:load_cwl_from_yaml:363 - All steps[].run link are resolvable! 
2026-09-18 17:53:13.411 | DEBUG    | cwl_loader:load_cwl_from_yaml:366 - Sorting Process instances by dependencies....
2026-09-18 17:53:13.411 | DEBUG    | cwl_loader:load_cwl_from_yaml:368 - Sorting process is over.
2026-09-18 17:53:13.411 | DEBUG    | cwl_loader:_load_cwl_from_stream:430 - Stream from /Users/anushacs/Downloads/python-packages/zoo-calrissian-runner/assets/stagein.yaml successfully load!
2026-09-18 17:53:13.412 | DEBUG    | cwl_loader:load_cwl_from_location:421 - Loading CWL document from /Users/anushacs/Downloads/python-packages/zoo-calrissian-runner/assets/stagein-file.yaml...
2026-09-18 17:53:13.412 | DEBUG    | cwl_loader:_load_cwl_from_stream:424 - Reading stream from /Users/anushacs/Downloads/python-packages/zoo-calrissian-runner/assets/stagein-file.yaml...
2026-09-18 17:53:13.420 | DEBUG    | cwl_loader:load_cwl_from_stream:398 - CWL data of type <class 'ruamel.yaml.comments.CommentedMap'> successfully loaded from stream
2026-09-18 17:53:13.422 | DEBUG    | cwl_loader:load_cwl_from_yaml:315 - Updating the model from version 'v1.0' to version 'v1.2'...
2026-09-18 17:53:13.422 | DEBUG    | cwl_loader:load_cwl_from_yaml:330 - Raw CWL document successfully updated to v1.2!
2026-09-18 17:53:13.422 | DEBUG    | cwl_loader:load_cwl_from_yaml:336 - Parsing the raw CWL document to the CWL Utils DOM...
2026-09-18 17:54:29.245 | DEBUG    | cwl_loader:load_cwl_from_yaml:347 - Raw CWL document successfully parsed to the CWL Utils DOM!
2026-09-18 17:54:29.246 | DEBUG    | cwl_loader:load_cwl_from_yaml:349 - Dereferencing the steps[].run...
2026-09-18 17:54:29.246 | DEBUG    | cwl_loader:load_cwl_from_yaml:353 - steps[].run successfully dereferenced! Dereferencing the FQNs...
2026-09-18 17:54:29.246 | DEBUG    | cwl_loader:load_cwl_from_yaml:357 - CWL document successfully dereferenced! Now verifying steps[].run integrity...
2026-09-18 17:54:29.246 | DEBUG    | cwl_loader:load_cwl_from_yaml:363 - All steps[].run link are resolvable! 
2026-09-18 17:54:29.246 | DEBUG    | cwl_loader:load_cwl_from_yaml:366 - Sorting Process instances by dependencies....
2026-09-18 17:54:29.246 | DEBUG    | cwl_loader:load_cwl_from_yaml:368 - Sorting process is over.
2026-09-18 17:54:29.246 | DEBUG    | cwl_loader:_load_cwl_from_stream:430 - Stream from /Users/anushacs/Downloads/python-packages/zoo-calrissian-runner/assets/stagein-file.yaml successfully load!
2026-09-18 17:54:29.246 | DEBUG    | cwl_loader:load_cwl_from_location:421 - Loading CWL document from /Users/anushacs/Downloads/python-packages/zoo-calrissian-runner/assets/stageout.yaml...
2026-09-18 17:54:29.246 | DEBUG    | cwl_loader:_load_cwl_from_stream:424 - Reading stream from /Users/anushacs/Downloads/python-packages/zoo-calrissian-runner/assets/stageout.yaml...
2026-09-18 17:54:29.258 | DEBUG    | cwl_loader:load_cwl_from_stream:398 - CWL data of type <class 'ruamel.yaml.comments.CommentedMap'> successfully loaded from stream
2026-09-18 17:54:29.259 | DEBUG    | cwl_loader:load_cwl_from_yaml:315 - Updating the model from version 'v1.0' to version 'v1.2'...
2026-09-18 17:54:29.259 | DEBUG    | cwl_loader:load_cwl_from_yaml:330 - Raw CWL document successfully updated to v1.2!
2026-09-18 17:54:29.259 | DEBUG    | cwl_loader:load_cwl_from_yaml:336 - Parsing the raw CWL document to the CWL Utils DOM...
2026-09-18 17:55:45.424 | DEBUG    | cwl_loader:load_cwl_from_yaml:347 - Raw CWL document successfully parsed to the CWL Utils DOM!
2026-09-18 17:55:45.424 | DEBUG    | cwl_loader:load_cwl_from_yaml:349 - Dereferencing the steps[].run...
2026-09-18 17:55:45.424 | DEBUG    | cwl_loader:load_cwl_from_yaml:353 - steps[].run successfully dereferenced! Dereferencing the FQNs...
2026-09-18 17:55:45.425 | DEBUG    | cwl_loader:load_cwl_from_yaml:357 - CWL document successfully dereferenced! Now verifying steps[].run integrity...
2026-09-18 17:55:45.425 | DEBUG    | cwl_loader:load_cwl_from_yaml:363 - All steps[].run link are resolvable! 
2026-09-18 17:55:45.425 | DEBUG    | cwl_loader:load_cwl_from_yaml:366 - Sorting Process instances by dependencies....
2026-09-18 17:55:45.425 | DEBUG    | cwl_loader:load_cwl_from_yaml:368 - Sorting process is over.
2026-09-18 17:55:45.425 | DEBUG    | cwl_loader:_load_cwl_from_stream:430 - Stream from /Users/anushacs/Downloads/python-packages/zoo-calrissian-runner/assets/stageout.yaml successfully load!
2026-09-18 17:55:45.425 | INFO     | eoap_cwlwrap.types:_validate_stage_in:281 - Validating stage-in 'stage-in-directory'...
2026-09-18 17:55:45.425 | INFO     | eoap_cwlwrap.types:_validate_stage_in:303 - stage-in 'stage-in-directory' is valid
2026-09-18 17:55:45.425 | INFO     | eoap_cwlwrap.types:_validate_stage_in:281 - Validating stage-in 'stage-in-file'...
2026-09-18 17:55:45.425 | INFO     | eoap_cwlwrap.types:_validate_stage_in:303 - stage-in 'stage-in-file' is valid
2026-09-18 17:55:45.425 | INFO     | eoap_cwlwrap.types:validate_directory_stage_out:339 - Validating directory stage-out 'stage-out'...
2026-09-18 17:55:45.425 | INFO     | eoap_cwlwrap.types:validate_directory_stage_out:361 - directory stage-out 'stage-out' is valid
2026-09-18 17:55:45.425 | INFO     | eoap_cwlwrap:_build_orchestrator_workflow:106 - Building the CWL Orchestrator Workflow...
2026-09-18 17:55:45.426 | INFO     | eoap_cwlwrap:_build_orchestrator_workflow:142 - Analyzing main_clt inputs...
2026-09-18 17:55:45.426 | INFO     | eoap_cwlwrap:_build_orchestrator_workflow:158 - * main_clt/pre_stac_item: string
2026-09-18 17:55:45.426 | INFO     | eoap_cwlwrap:_build_orchestrator_workflow:158 - * main_clt/post_stac_item: string
2026-09-18 17:55:45.427 | INFO     | eoap_cwlwrap:_build_orchestrator_workflow:158 - * main_clt/aoi: string
2026-09-18 17:55:45.427 | INFO     | eoap_cwlwrap:_build_orchestrator_workflow:158 - * main_clt/bands: string[]
2026-09-18 17:55:45.427 | INFO     | eoap_cwlwrap:_build_orchestrator_workflow:271 - Analyzing main_clt outputs...
2026-09-18 17:55:45.427 | INFO     | eoap_cwlwrap:_build_orchestrator_workflow:280 - * main_clt/stac: Directory
2026-09-18 17:55:45.427 | INFO     | eoap_cwlwrap:_build_orchestrator_workflow:285 -   Directory type detected, creating a related 'stage_out_0'...
2026-09-18 17:55:45.427 | INFO     | eoap_cwlwrap:_build_orchestrator_workflow:287 -   Converting Directory to URL-compatible type...
2026-09-18 17:55:45.427 | INFO     | eoap_cwlwrap:_build_orchestrator_workflow:291 -   Directory converted to https://raw.githubusercontent.com/eoap/schemas/main/string_format.yaml#URI
2026-09-18 17:55:45.428 | INFO     | eoap_cwlwrap:_build_orchestrator_workflow:334 -   Connecting 'app/stac' to 'stage_out_0' output...
2026-09-18 17:55:45.428 | INFO     | eoap_cwlwrap:_build_orchestrator_workflow:505 - Orchestrator Workflow built in 0.0027 seconds
2026-09-18 17:55:45.490 | WARNING  | zoo_calrissian_runner:execute:199 - Cannot determine app-package.cwl path, skipping Dask config extraction
2026-09-18 17:55:45.490 | INFO     | zoo_calrissian_runner:execute:204 - create kubernetes namespace for Calrissian execution
2026-09-18 17:55:45.490 | INFO     | zoo_calrissian_runner:execute:213 - namespace: main-178973434549037-deb905e5-e9c1-4ec3-a814-fd8db1f43160
2026-09-18 17:55:45.497 | INFO     | pycalrissian.context:initialise:73 - create namespace main-178973434549037-deb905e5-e9c1-4ec3-a814-fd8db1f43160
2026-09-18 17:55:45.499 | INFO     | pycalrissian.context:create_namespace:305 - creating namespace main-178973434549037-deb905e5-e9c1-4ec3-a814-fd8db1f43160
2026-09-18 17:55:50.510 | INFO     | pycalrissian.context:create_namespace:318 - namespace main-178973434549037-deb905e5-e9c1-4ec3-a814-fd8db1f43160 created
2026-09-18 17:55:50.511 | INFO     | pycalrissian.context:initialise:90 - create role pod-manager-role
2026-09-18 17:55:55.525 | INFO     | pycalrissian.context:create_role:357 - role pod-manager-role created
2026-09-18 17:55:55.525 | INFO     | pycalrissian.context:initialise:99 - create role binding for role pod-manager-role
2026-09-18 17:56:00.542 | INFO     | pycalrissian.context:create_role_binding:397 - role binding pod-manager-default-binding created
2026-09-18 17:56:00.542 | INFO     | pycalrissian.context:initialise:90 - create role log-reader-role
2026-09-18 17:56:05.558 | INFO     | pycalrissian.context:create_role:357 - role log-reader-role created
2026-09-18 17:56:05.558 | INFO     | pycalrissian.context:initialise:99 - create role binding for role log-reader-role
2026-09-18 17:56:10.577 | INFO     | pycalrissian.context:create_role_binding:397 - role binding log-reader-default-binding created
2026-09-18 17:56:10.577 | INFO     | pycalrissian.context:initialise:104 - create persistent volume claim 'calrissian-wdir' of 10Mi with storage class hostpath
2026-09-18 17:56:15.600 | INFO     | pycalrissian.context:create_pvc:483 - pvc calrissian-wdir created
2026-09-18 17:56:15.600 | INFO     | pycalrissian.context:initialise:118 - create secret container-rg
2026-09-18 17:56:20.614 | INFO     | pycalrissian.context:create_image_pull_secret:577 - image pull secret container-rg created
2026-09-18 17:56:20.614 | INFO     | pycalrissian.context:initialise:121 - patch service account
2026-09-18 17:56:20.626 | INFO     | zoo_calrissian_runner:execute:296 - Transforming parameter ADES_STAGEOUT_AWS_SERVICEURL → STAGEOUT_AWS_SERVICEURL for orchestrator
2026-09-18 17:56:20.627 | INFO     | zoo_calrissian_runner:execute:296 - Transforming parameter ADES_STAGEOUT_AWS_REGION → STAGEOUT_AWS_REGION for orchestrator
2026-09-18 17:56:20.627 | INFO     | zoo_calrissian_runner:execute:296 - Transforming parameter ADES_STAGEOUT_AWS_ACCESS_KEY_ID → STAGEOUT_AWS_ACCESS_KEY_ID for orchestrator
2026-09-18 17:56:20.627 | INFO     | zoo_calrissian_runner:execute:296 - Transforming parameter ADES_STAGEOUT_AWS_SECRET_ACCESS_KEY → STAGEOUT_AWS_SECRET_ACCESS_KEY for orchestrator
2026-09-18 17:56:20.627 | INFO     | zoo_calrissian_runner:execute:296 - Transforming parameter ADES_STAGEOUT_OUTPUT → STAGEOUT_OUTPUT for orchestrator
2026-09-18 17:56:20.627 | INFO     | zoo_calrissian_runner:execute:306 - Processing parameters: {'process': 'main-178973434549037-deb905e5-e9c1-4ec3-a814-fd8db1f43160', 'post_stac_item': 'https://earth-search.aws.element84.com/v0/collections/sentinel-s2-l2a-cogs/items/S2B_53HPA_20210723_0_L2A', 'pre_stac_item': 'https://earth-search.aws.element84.com/v0/collections/sentinel-s2-l2a-cogs/items/S2B_53HPA_20210703_0_L2A', 'aoi': '136.659,-35.96,136.923,-35.791', 'STAGEOUT_AWS_SERVICEURL': '', 'STAGEOUT_AWS_REGION': '', 'STAGEOUT_AWS_ACCESS_KEY_ID': '', 'STAGEOUT_AWS_SECRET_ACCESS_KEY': '', 'ADES_STAGEIN_AWS_SERVICEURL': '', 'ADES_STAGEIN_AWS_REGION': '', 'ADES_STAGEIN_AWS_ACCESS_KEY_ID': '', 'ADES_STAGEIN_AWS_SECRET_ACCESS_KEY': '', 'STAGEOUT_OUTPUT': ''}
2026-09-18 17:56:20.627 | INFO     | zoo_calrissian_runner:execute:331 - create Calrissian job
2026-09-18 17:56:20.627 | INFO     | pycalrissian.job:__init__:69 - using default security context {'runAsUser': 0, 'runAsGroup': 0, 'fsGroup': 0}
2026-09-18 17:56:20.627 | INFO     | pycalrissian.job:__init__:80 - job name: job-1789734380627542-30b5c9aa-133b-4466-83d9-fac654bd4e93
2026-09-18 17:56:20.627 | INFO     | pycalrissian.job:__init__:81 - create CWL config map
2026-09-18 17:56:25.665 | INFO     | pycalrissian.context:create_configmap:534 - config map cwl-workflow created
2026-09-18 17:56:25.666 | INFO     | pycalrissian.job:__init__:83 - create processing parameters config map
2026-09-18 17:56:30.680 | INFO     | pycalrissian.context:create_configmap:534 - config map params created
2026-09-18 17:56:30.680 | INFO     | pycalrissian.job:__init__:87 - create pod environment variables config map
2026-09-18 17:56:35.689 | INFO     | pycalrissian.context:create_configmap:534 - config map pod-env-vars created
2026-09-18 17:56:35.689 | INFO     | zoo_calrissian_runner:execute:365 - execution
2026-09-18 17:56:35.689 | INFO     | pycalrissian.execution:submit:32 - submit job job-1789734380627542-30b5c9aa-133b-4466-83d9-fac654bd4e93
2026-09-18 17:56:35.691 | INFO     | pycalrissian.job:_get_calrissian_container:420 - using Calrissian image: terradue/calrissian:0.12.0
2026-09-18 17:56:35.700 | INFO     | pycalrissian.execution:submit:38 - job job-1789734380627542-30b5c9aa-133b-4466-83d9-fac654bd4e93 submitted
2026-09-18 17:56:35.709 | INFO     | pycalrissian.execution:monitor:210 - job job-1789734380627542-30b5c9aa-133b-4466-83d9-fac654bd4e93 is active
2026-09-18 17:57:05.721 | INFO     | pycalrissian.execution:monitor:210 - job job-1789734380627542-30b5c9aa-133b-4466-83d9-fac654bd4e93 is active
2026-09-18 17:57:35.733 | INFO     | pycalrissian.execution:monitor:210 - job job-1789734380627542-30b5c9aa-133b-4466-83d9-fac654bd4e93 is active
2026-09-18 17:58:05.741 | INFO     | pycalrissian.execution:monitor:210 - job job-1789734380627542-30b5c9aa-133b-4466-83d9-fac654bd4e93 is active
2026-09-18 17:58:35.752 | INFO     | pycalrissian.execution:monitor:210 - job job-1789734380627542-30b5c9aa-133b-4466-83d9-fac654bd4e93 is active
2026-09-18 17:59:05.757 | WARNING  | pycalrissian.execution:monitor:215 - reached wall time for execution, killing job
2026-09-18 17:59:05.762 | INFO     | zoo_calrissian_runner:execute:372 - execution complete
2026-09-18 17:59:05.762 | INFO     | zoo_calrissian_runner:execute:383 - handle outputs execution logs
copy /calrissian/output.json to .
Status 97
Status 99
Status 100
exit value: 4
Status 2
exit value: 4
Not running in zoo instance
Status 2
Status 5
Status 10
Status 15
Status 21
Status 23
Status 90
STDERR: tar: removing leading '/' from member names

Es2026-09-18 17:59:11.914 | DEBUG    | cwl_loader:_clean_custom_namespaces:171 - Saved original $namespaces: {'s': 'https://schema.org/', 'io': 'https://me.io'}
2026-09-18 17:59:11.915 | DEBUG    | cwl_loader:load_cwl_from_yaml:332 - No needs to update the Raw CWL document since it targets already the v1.2
2026-09-18 17:59:11.915 | DEBUG    | cwl_loader:load_cwl_from_yaml:336 - Parsing the raw CWL document to the CWL Utils DOM...
2026-09-18 17:59:11.919 | DEBUG    | cwl_loader:load_cwl_from_yaml:347 - Raw CWL document successfully parsed to the CWL Utils DOM!
2026-09-18 17:59:11.919 | DEBUG    | cwl_loader:load_cwl_from_yaml:349 - Dereferencing the steps[].run...
2026-09-18 17:59:11.919 | DEBUG    | cwl_loader:_on_process:237 - Checking if #nbr_wf must be externally imported...
2026-09-18 17:59:11.919 | DEBUG    | cwl_loader:_on_process:241 - run_url:  - uri: io://
2026-09-18 17:59:11.919 | DEBUG    | cwl_loader:_on_process:237 - Checking if #main must be externally imported...
2026-09-18 17:59:11.919 | DEBUG    | cwl_loader:_on_process:241 - run_url:  - uri: io://
2026-09-18 17:59:11.919 | DEBUG    | cwl_loader:_on_process:237 - Checking if #gdal_cog_clt must be externally imported...
2026-09-18 17:59:11.919 | DEBUG    | cwl_loader:_on_process:241 - run_url:  - uri: io://
2026-09-18 17:59:11.919 | DEBUG    | cwl_loader:_on_process:237 - Checking if #stacme_clt must be externally imported...
2026-09-18 17:59:11.919 | DEBUG    | cwl_loader:_on_process:241 - run_url:  - uri: io://
2026-09-18 17:59:11.919 | DEBUG    | cwl_loader:_on_process:237 - Checking if #asset_single_clt must be externally imported...
2026-09-18 17:59:11.919 | DEBUG    | cwl_loader:_on_process:241 - run_url:  - uri: io://
2026-09-18 17:59:11.919 | DEBUG    | cwl_loader:_on_process:237 - Checking if #translate_clt must be externally imported...
2026-09-18 17:59:11.919 | DEBUG    | cwl_loader:_on_process:241 - run_url:  - uri: io://
2026-09-18 17:59:11.919 | DEBUG    | cwl_loader:_on_process:237 - Checking if #band_math_clt must be externally imported...
2026-09-18 17:59:11.919 | DEBUG    | cwl_loader:_on_process:241 - run_url:  - uri: io://
2026-09-18 17:59:11.919 | DEBUG    | cwl_loader:_on_process:237 - Checking if #gdal_cog_clt must be externally imported...
2026-09-18 17:59:11.919 | DEBUG    | cwl_loader:_on_process:241 - run_url:  - uri: io://
2026-09-18 17:59:11.919 | DEBUG    | cwl_loader:load_cwl_from_yaml:353 - steps[].run successfully dereferenced! Dereferencing the FQNs...
2026-09-18 17:59:11.919 | DEBUG    | cwl_loader:load_cwl_from_yaml:357 - CWL document successfully dereferenced! Now verifying steps[].run integrity...
2026-09-18 17:59:11.919 | DEBUG    | cwl_loader:load_cwl_from_yaml:363 - All steps[].run link are resolvable! 
2026-09-18 17:59:11.919 | DEBUG    | cwl_loader:load_cwl_from_yaml:366 - Sorting Process instances by dependencies....
2026-09-18 17:59:11.919 | DEBUG    | cwl_loader:load_cwl_from_yaml:368 - Sorting process is over.
F2026-09-18 17:59:11.920 | DEBUG    | cwl_loader:_clean_custom_namespaces:171 - Saved original $namespaces: {'s': 'https://schema.org/', 'io': 'https://me.io'}
2026-09-18 17:59:11.920 | DEBUG    | cwl_loader:load_cwl_from_yaml:332 - No needs to update the Raw CWL document since it targets already the v1.2
2026-09-18 17:59:11.920 | DEBUG    | cwl_loader:load_cwl_from_yaml:336 - Parsing the raw CWL document to the CWL Utils DOM...
2026-09-18 17:59:11.924 | DEBUG    | cwl_loader:load_cwl_from_yaml:347 - Raw CWL document successfully parsed to the CWL Utils DOM!
2026-09-18 17:59:11.924 | DEBUG    | cwl_loader:load_cwl_from_yaml:349 - Dereferencing the steps[].run...
2026-09-18 17:59:11.924 | DEBUG    | cwl_loader:_on_process:237 - Checking if #nbr_wf must be externally imported...
2026-09-18 17:59:11.924 | DEBUG    | cwl_loader:_on_process:241 - run_url:  - uri: io://
2026-09-18 17:59:11.924 | DEBUG    | cwl_loader:_on_process:237 - Checking if #main must be externally imported...
2026-09-18 17:59:11.924 | DEBUG    | cwl_loader:_on_process:241 - run_url:  - uri: io://
2026-09-18 17:59:11.924 | DEBUG    | cwl_loader:_on_process:237 - Checking if #gdal_cog_clt must be externally imported...
2026-09-18 17:59:11.924 | DEBUG    | cwl_loader:_on_process:241 - run_url:  - uri: io://
2026-09-18 17:59:11.924 | DEBUG    | cwl_loader:_on_process:237 - Checking if #stacme_clt must be externally imported...
2026-09-18 17:59:11.924 | DEBUG    | cwl_loader:_on_process:241 - run_url:  - uri: io://
2026-09-18 17:59:11.924 | DEBUG    | cwl_loader:_on_process:237 - Checking if #asset_single_clt must be externally imported...
2026-09-18 17:59:11.924 | DEBUG    | cwl_loader:_on_process:241 - run_url:  - uri: io://
2026-09-18 17:59:11.924 | DEBUG    | cwl_loader:_on_process:237 - Checking if #translate_clt must be externally imported...
2026-09-18 17:59:11.924 | DEBUG    | cwl_loader:_on_process:241 - run_url:  - uri: io://
2026-09-18 17:59:11.924 | DEBUG    | cwl_loader:_on_process:237 - Checking if #band_math_clt must be externally imported...
2026-09-18 17:59:11.924 | DEBUG    | cwl_loader:_on_process:241 - run_url:  - uri: io://
2026-09-18 17:59:11.924 | DEBUG    | cwl_loader:_on_process:237 - Checking if #gdal_cog_clt must be externally imported...
2026-09-18 17:59:11.924 | DEBUG    | cwl_loader:_on_process:241 - run_url:  - uri: io://
2026-09-18 17:59:11.924 | DEBUG    | cwl_loader:load_cwl_from_yaml:353 - steps[].run successfully dereferenced! Dereferencing the FQNs...
2026-09-18 17:59:11.924 | DEBUG    | cwl_loader:load_cwl_from_yaml:357 - CWL document successfully dereferenced! Now verifying steps[].run integrity...
2026-09-18 17:59:11.924 | DEBUG    | cwl_loader:load_cwl_from_yaml:363 - All steps[].run link are resolvable! 
2026-09-18 17:59:11.924 | DEBUG    | cwl_loader:load_cwl_from_yaml:366 - Sorting Process instances by dependencies....
2026-09-18 17:59:11.924 | DEBUG    | cwl_loader:load_cwl_from_yaml:368 - Sorting process is over.
.2026-09-18 17:59:11.924 | DEBUG    | cwl_loader:_clean_custom_namespaces:171 - Saved original $namespaces: {'s': 'https://schema.org/', 'io': 'https://me.io'}
2026-09-18 17:59:11.924 | DEBUG    | cwl_loader:load_cwl_from_yaml:332 - No needs to update the Raw CWL document since it targets already the v1.2
2026-09-18 17:59:11.924 | DEBUG    | cwl_loader:load_cwl_from_yaml:336 - Parsing the raw CWL document to the CWL Utils DOM...
2026-09-18 17:59:11.928 | DEBUG    | cwl_loader:load_cwl_from_yaml:347 - Raw CWL document successfully parsed to the CWL Utils DOM!
2026-09-18 17:59:11.928 | DEBUG    | cwl_loader:load_cwl_from_yaml:349 - Dereferencing the steps[].run...
2026-09-18 17:59:11.928 | DEBUG    | cwl_loader:_on_process:237 - Checking if #nbr_wf must be externally imported...
2026-09-18 17:59:11.928 | DEBUG    | cwl_loader:_on_process:241 - run_url:  - uri: io://
2026-09-18 17:59:11.928 | DEBUG    | cwl_loader:_on_process:237 - Checking if #main must be externally imported...
2026-09-18 17:59:11.928 | DEBUG    | cwl_loader:_on_process:241 - run_url:  - uri: io://
2026-09-18 17:59:11.928 | DEBUG    | cwl_loader:_on_process:237 - Checking if #gdal_cog_clt must be externally imported...
2026-09-18 17:59:11.928 | DEBUG    | cwl_loader:_on_process:241 - run_url:  - uri: io://
2026-09-18 17:59:11.928 | DEBUG    | cwl_loader:_on_process:237 - Checking if #stacme_clt must be externally imported...
2026-09-18 17:59:11.928 | DEBUG    | cwl_loader:_on_process:241 - run_url:  - uri: io://
2026-09-18 17:59:11.928 | DEBUG    | cwl_loader:_on_process:237 - Checking if #asset_single_clt must be externally imported...
2026-09-18 17:59:11.928 | DEBUG    | cwl_loader:_on_process:241 - run_url:  - uri: io://
2026-09-18 17:59:11.928 | DEBUG    | cwl_loader:_on_process:237 - Checking if #translate_clt must be externally imported...
2026-09-18 17:59:11.928 | DEBUG    | cwl_loader:_on_process:241 - run_url:  - uri: io://
2026-09-18 17:59:11.928 | DEBUG    | cwl_loader:_on_process:237 - Checking if #band_math_clt must be externally imported...
2026-09-18 17:59:11.928 | DEBUG    | cwl_loader:_on_process:241 - run_url:  - uri: io://
2026-09-18 17:59:11.928 | DEBUG    | cwl_loader:_on_process:237 - Checking if #gdal_cog_clt must be externally imported...
2026-09-18 17:59:11.928 | DEBUG    | cwl_loader:_on_process:241 - run_url:  - uri: io://
2026-09-18 17:59:11.928 | DEBUG    | cwl_loader:load_cwl_from_yaml:353 - steps[].run successfully dereferenced! Dereferencing the FQNs...
2026-09-18 17:59:11.928 | DEBUG    | cwl_loader:load_cwl_from_yaml:357 - CWL document successfully dereferenced! Now verifying steps[].run integrity...
2026-09-18 17:59:11.928 | DEBUG    | cwl_loader:load_cwl_from_yaml:363 - All steps[].run link are resolvable! 
2026-09-18 17:59:11.928 | DEBUG    | cwl_loader:load_cwl_from_yaml:366 - Sorting Process instances by dependencies....
2026-09-18 17:59:11.928 | DEBUG    | cwl_loader:load_cwl_from_yaml:368 - Sorting process is over.
.2026-09-18 17:59:11.928 | DEBUG    | cwl_loader:_clean_custom_namespaces:171 - Saved original $namespaces: {'s': 'https://schema.org/', 'io': 'https://me.io'}
2026-09-18 17:59:11.928 | DEBUG    | cwl_loader:load_cwl_from_yaml:332 - No needs to update the Raw CWL document since it targets already the v1.2
2026-09-18 17:59:11.928 | DEBUG    | cwl_loader:load_cwl_from_yaml:336 - Parsing the raw CWL document to the CWL Utils DOM...
2026-09-18 17:59:11.932 | DEBUG    | cwl_loader:load_cwl_from_yaml:347 - Raw CWL document successfully parsed to the CWL Utils DOM!
2026-09-18 17:59:11.933 | DEBUG    | cwl_loader:load_cwl_from_yaml:349 - Dereferencing the steps[].run...
2026-09-18 17:59:11.933 | DEBUG    | cwl_loader:_on_process:237 - Checking if #nbr_wf must be externally imported...
2026-09-18 17:59:11.933 | DEBUG    | cwl_loader:_on_process:241 - run_url:  - uri: io://
2026-09-18 17:59:11.933 | DEBUG    | cwl_loader:_on_process:237 - Checking if #main must be externally imported...
2026-09-18 17:59:11.933 | DEBUG    | cwl_loader:_on_process:241 - run_url:  - uri: io://
2026-09-18 17:59:11.933 | DEBUG    | cwl_loader:_on_process:237 - Checking if #gdal_cog_clt must be externally imported...
2026-09-18 17:59:11.933 | DEBUG    | cwl_loader:_on_process:241 - run_url:  - uri: io://
2026-09-18 17:59:11.933 | DEBUG    | cwl_loader:_on_process:237 - Checking if #stacme_clt must be externally imported...
2026-09-18 17:59:11.933 | DEBUG    | cwl_loader:_on_process:241 - run_url:  - uri: io://
2026-09-18 17:59:11.933 | DEBUG    | cwl_loader:_on_process:237 - Checking if #asset_single_clt must be externally imported...
2026-09-18 17:59:11.933 | DEBUG    | cwl_loader:_on_process:241 - run_url:  - uri: io://
2026-09-18 17:59:11.933 | DEBUG    | cwl_loader:_on_process:237 - Checking if #translate_clt must be externally imported...
2026-09-18 17:59:11.933 | DEBUG    | cwl_loader:_on_process:241 - run_url:  - uri: io://
2026-09-18 17:59:11.933 | DEBUG    | cwl_loader:_on_process:237 - Checking if #band_math_clt must be externally imported...
2026-09-18 17:59:11.933 | DEBUG    | cwl_loader:_on_process:241 - run_url:  - uri: io://
2026-09-18 17:59:11.933 | DEBUG    | cwl_loader:_on_process:237 - Checking if #gdal_cog_clt must be externally imported...
2026-09-18 17:59:11.933 | DEBUG    | cwl_loader:_on_process:241 - run_url:  - uri: io://
2026-09-18 17:59:11.933 | DEBUG    | cwl_loader:load_cwl_from_yaml:353 - steps[].run successfully dereferenced! Dereferencing the FQNs...
2026-09-18 17:59:11.933 | DEBUG    | cwl_loader:load_cwl_from_yaml:357 - CWL document successfully dereferenced! Now verifying steps[].run integrity...
2026-09-18 17:59:11.933 | DEBUG    | cwl_loader:load_cwl_from_yaml:363 - All steps[].run link are resolvable! 
2026-09-18 17:59:11.933 | DEBUG    | cwl_loader:load_cwl_from_yaml:366 - Sorting Process instances by dependencies....
2026-09-18 17:59:11.933 | DEBUG    | cwl_loader:load_cwl_from_yaml:368 - Sorting process is over.
.2026-09-18 17:59:11.933 | DEBUG    | cwl_loader:_clean_custom_namespaces:171 - Saved original $namespaces: {'s': 'https://schema.org/', 'io': 'https://me.io'}
2026-09-18 17:59:11.933 | DEBUG    | cwl_loader:load_cwl_from_yaml:332 - No needs to update the Raw CWL document since it targets already the v1.2
2026-09-18 17:59:11.933 | DEBUG    | cwl_loader:load_cwl_from_yaml:336 - Parsing the raw CWL document to the CWL Utils DOM...
2026-09-18 17:59:11.937 | DEBUG    | cwl_loader:load_cwl_from_yaml:347 - Raw CWL document successfully parsed to the CWL Utils DOM!
2026-09-18 17:59:11.937 | DEBUG    | cwl_loader:load_cwl_from_yaml:349 - Dereferencing the steps[].run...
2026-09-18 17:59:11.937 | DEBUG    | cwl_loader:_on_process:237 - Checking if #nbr_wf must be externally imported...
2026-09-18 17:59:11.937 | DEBUG    | cwl_loader:_on_process:241 - run_url:  - uri: io://
2026-09-18 17:59:11.937 | DEBUG    | cwl_loader:_on_process:237 - Checking if #main must be externally imported...
2026-09-18 17:59:11.937 | DEBUG    | cwl_loader:_on_process:241 - run_url:  - uri: io://
2026-09-18 17:59:11.937 | DEBUG    | cwl_loader:_on_process:237 - Checking if #gdal_cog_clt must be externally imported...
2026-09-18 17:59:11.937 | DEBUG    | cwl_loader:_on_process:241 - run_url:  - uri: io://
2026-09-18 17:59:11.937 | DEBUG    | cwl_loader:_on_process:237 - Checking if #stacme_clt must be externally imported...
2026-09-18 17:59:11.937 | DEBUG    | cwl_loader:_on_process:241 - run_url:  - uri: io://
2026-09-18 17:59:11.937 | DEBUG    | cwl_loader:_on_process:237 - Checking if #asset_single_clt must be externally imported...
2026-09-18 17:59:11.937 | DEBUG    | cwl_loader:_on_process:241 - run_url:  - uri: io://
2026-09-18 17:59:11.937 | DEBUG    | cwl_loader:_on_process:237 - Checking if #translate_clt must be externally imported...
2026-09-18 17:59:11.937 | DEBUG    | cwl_loader:_on_process:241 - run_url:  - uri: io://
2026-09-18 17:59:11.937 | DEBUG    | cwl_loader:_on_process:237 - Checking if #band_math_clt must be externally imported...
2026-09-18 17:59:11.937 | DEBUG    | cwl_loader:_on_process:241 - run_url:  - uri: io://
2026-09-18 17:59:11.937 | DEBUG    | cwl_loader:_on_process:237 - Checking if #gdal_cog_clt must be externally imported...
2026-09-18 17:59:11.937 | DEBUG    | cwl_loader:_on_process:241 - run_url:  - uri: io://
2026-09-18 17:59:11.937 | DEBUG    | cwl_loader:load_cwl_from_yaml:353 - steps[].run successfully dereferenced! Dereferencing the FQNs...
2026-09-18 17:59:11.937 | DEBUG    | cwl_loader:load_cwl_from_yaml:357 - CWL document successfully dereferenced! Now verifying steps[].run integrity...
2026-09-18 17:59:11.937 | DEBUG    | cwl_loader:load_cwl_from_yaml:363 - All steps[].run link are resolvable! 
2026-09-18 17:59:11.937 | DEBUG    | cwl_loader:load_cwl_from_yaml:366 - Sorting Process instances by dependencies....
2026-09-18 17:59:11.937 | DEBUG    | cwl_loader:load_cwl_from_yaml:368 - Sorting process is over.
.2026-09-18 17:59:11.937 | DEBUG    | cwl_loader:_clean_custom_namespaces:171 - Saved original $namespaces: {'s': 'https://schema.org/', 'io': 'https://me.io'}
2026-09-18 17:59:11.937 | DEBUG    | cwl_loader:load_cwl_from_yaml:332 - No needs to update the Raw CWL document since it targets already the v1.2
2026-09-18 17:59:11.937 | DEBUG    | cwl_loader:load_cwl_from_yaml:336 - Parsing the raw CWL document to the CWL Utils DOM...
2026-09-18 17:59:11.941 | DEBUG    | cwl_loader:load_cwl_from_yaml:347 - Raw CWL document successfully parsed to the CWL Utils DOM!
2026-09-18 17:59:11.941 | DEBUG    | cwl_loader:load_cwl_from_yaml:349 - Dereferencing the steps[].run...
2026-09-18 17:59:11.941 | DEBUG    | cwl_loader:_on_process:237 - Checking if #nbr_wf must be externally imported...
2026-09-18 17:59:11.941 | DEBUG    | cwl_loader:_on_process:241 - run_url:  - uri: io://
2026-09-18 17:59:11.941 | DEBUG    | cwl_loader:_on_process:237 - Checking if #main must be externally imported...
2026-09-18 17:59:11.941 | DEBUG    | cwl_loader:_on_process:241 - run_url:  - uri: io://
2026-09-18 17:59:11.941 | DEBUG    | cwl_loader:_on_process:237 - Checking if #gdal_cog_clt must be externally imported...
2026-09-18 17:59:11.941 | DEBUG    | cwl_loader:_on_process:241 - run_url:  - uri: io://
2026-09-18 17:59:11.941 | DEBUG    | cwl_loader:_on_process:237 - Checking if #stacme_clt must be externally imported...
2026-09-18 17:59:11.941 | DEBUG    | cwl_loader:_on_process:241 - run_url:  - uri: io://
2026-09-18 17:59:11.941 | DEBUG    | cwl_loader:_on_process:237 - Checking if #asset_single_clt must be externally imported...
2026-09-18 17:59:11.941 | DEBUG    | cwl_loader:_on_process:241 - run_url:  - uri: io://
2026-09-18 17:59:11.941 | DEBUG    | cwl_loader:_on_process:237 - Checking if #translate_clt must be externally imported...
2026-09-18 17:59:11.941 | DEBUG    | cwl_loader:_on_process:241 - run_url:  - uri: io://
2026-09-18 17:59:11.941 | DEBUG    | cwl_loader:_on_process:237 - Checking if #band_math_clt must be externally imported...
2026-09-18 17:59:11.941 | DEBUG    | cwl_loader:_on_process:241 - run_url:  - uri: io://
2026-09-18 17:59:11.941 | DEBUG    | cwl_loader:_on_process:237 - Checking if #gdal_cog_clt must be externally imported...
2026-09-18 17:59:11.941 | DEBUG    | cwl_loader:_on_process:241 - run_url:  - uri: io://
2026-09-18 17:59:11.941 | DEBUG    | cwl_loader:load_cwl_from_yaml:353 - steps[].run successfully dereferenced! Dereferencing the FQNs...
2026-09-18 17:59:11.941 | DEBUG    | cwl_loader:load_cwl_from_yaml:357 - CWL document successfully dereferenced! Now verifying steps[].run integrity...
2026-09-18 17:59:11.941 | DEBUG    | cwl_loader:load_cwl_from_yaml:363 - All steps[].run link are resolvable! 
2026-09-18 17:59:11.941 | DEBUG    | cwl_loader:load_cwl_from_yaml:366 - Sorting Process instances by dependencies....
2026-09-18 17:59:11.941 | DEBUG    | cwl_loader:load_cwl_from_yaml:368 - Sorting process is over.
.2026-09-18 17:59:11.942 | DEBUG    | cwl_loader:_clean_custom_namespaces:171 - Saved original $namespaces: {'s': 'https://schema.org/', 'io': 'https://me.io'}
2026-09-18 17:59:11.942 | DEBUG    | cwl_loader:load_cwl_from_yaml:315 - Updating the model from version 'v1.0' to version 'v1.2'...
2026-09-18 17:59:11.942 | DEBUG    | cwl_loader:load_cwl_from_yaml:330 - Raw CWL document successfully updated to v1.2!
2026-09-18 17:59:11.942 | DEBUG    | cwl_loader:load_cwl_from_yaml:336 - Parsing the raw CWL document to the CWL Utils DOM...
2026-09-18 17:59:11.946 | DEBUG    | cwl_loader:load_cwl_from_yaml:347 - Raw CWL document successfully parsed to the CWL Utils DOM!
2026-09-18 17:59:11.946 | DEBUG    | cwl_loader:load_cwl_from_yaml:349 - Dereferencing the steps[].run...
2026-09-18 17:59:11.946 | DEBUG    | cwl_loader:_on_process:237 - Checking if #nbr_wf must be externally imported...
2026-09-18 17:59:11.946 | DEBUG    | cwl_loader:_on_process:241 - run_url:  - uri: io://
2026-09-18 17:59:11.946 | DEBUG    | cwl_loader:_on_process:237 - Checking if #main must be externally imported...
2026-09-18 17:59:11.946 | DEBUG    | cwl_loader:_on_process:241 - run_url:  - uri: io://
2026-09-18 17:59:11.946 | DEBUG    | cwl_loader:_on_process:237 - Checking if #gdal_cog_clt must be externally imported...
2026-09-18 17:59:11.946 | DEBUG    | cwl_loader:_on_process:241 - run_url:  - uri: io://
2026-09-18 17:59:11.946 | DEBUG    | cwl_loader:_on_process:237 - Checking if #stacme_clt must be externally imported...
2026-09-18 17:59:11.946 | DEBUG    | cwl_loader:_on_process:241 - run_url:  - uri: io://
2026-09-18 17:59:11.946 | DEBUG    | cwl_loader:_on_process:237 - Checking if #asset_single_clt must be externally imported...
2026-09-18 17:59:11.946 | DEBUG    | cwl_loader:_on_process:241 - run_url:  - uri: io://
2026-09-18 17:59:11.946 | DEBUG    | cwl_loader:_on_process:237 - Checking if #translate_clt must be externally imported...
2026-09-18 17:59:11.946 | DEBUG    | cwl_loader:_on_process:241 - run_url:  - uri: io://
2026-09-18 17:59:11.946 | DEBUG    | cwl_loader:_on_process:237 - Checking if #band_math_clt must be externally imported...
2026-09-18 17:59:11.946 | DEBUG    | cwl_loader:_on_process:241 - run_url:  - uri: io://
2026-09-18 17:59:11.946 | DEBUG    | cwl_loader:_on_process:237 - Checking if #gdal_cog_clt must be externally imported...
2026-09-18 17:59:11.947 | DEBUG    | cwl_loader:_on_process:241 - run_url:  - uri: io://
2026-09-18 17:59:11.947 | DEBUG    | cwl_loader:load_cwl_from_yaml:353 - steps[].run successfully dereferenced! Dereferencing the FQNs...
2026-09-18 17:59:11.947 | DEBUG    | cwl_loader:load_cwl_from_yaml:357 - CWL document successfully dereferenced! Now verifying steps[].run integrity...
2026-09-18 17:59:11.947 | DEBUG    | cwl_loader:load_cwl_from_yaml:363 - All steps[].run link are resolvable! 
2026-09-18 17:59:11.947 | DEBUG    | cwl_loader:load_cwl_from_yaml:366 - Sorting Process instances by dependencies....
2026-09-18 17:59:11.947 | DEBUG    | cwl_loader:load_cwl_from_yaml:368 - Sorting process is over.
.2026-09-18 17:59:11.947 | DEBUG    | cwl_loader:_clean_custom_namespaces:171 - Saved original $namespaces: {'s': 'https://schema.org/', 'io': 'https://me.io'}
2026-09-18 17:59:11.947 | DEBUG    | cwl_loader:load_cwl_from_yaml:315 - Updating the model from version 'v1.0' to version 'v1.2'...
2026-09-18 17:59:11.947 | DEBUG    | cwl_loader:load_cwl_from_yaml:330 - Raw CWL document successfully updated to v1.2!
2026-09-18 17:59:11.947 | DEBUG    | cwl_loader:load_cwl_from_yaml:336 - Parsing the raw CWL document to the CWL Utils DOM...
2026-09-18 17:59:11.950 | DEBUG    | cwl_loader:load_cwl_from_yaml:347 - Raw CWL document successfully parsed to the CWL Utils DOM!
2026-09-18 17:59:11.950 | DEBUG    | cwl_loader:load_cwl_from_yaml:349 - Dereferencing the steps[].run...
2026-09-18 17:59:11.951 | DEBUG    | cwl_loader:_on_process:237 - Checking if #nbr_wf must be externally imported...
2026-09-18 17:59:11.951 | DEBUG    | cwl_loader:_on_process:241 - run_url:  - uri: io://
2026-09-18 17:59:11.951 | DEBUG    | cwl_loader:_on_process:237 - Checking if #main must be externally imported...
2026-09-18 17:59:11.951 | DEBUG    | cwl_loader:_on_process:241 - run_url:  - uri: io://
2026-09-18 17:59:11.951 | DEBUG    | cwl_loader:_on_process:237 - Checking if #gdal_cog_clt must be externally imported...
2026-09-18 17:59:11.951 | DEBUG    | cwl_loader:_on_process:241 - run_url:  - uri: io://
2026-09-18 17:59:11.951 | DEBUG    | cwl_loader:_on_process:237 - Checking if #stacme_clt must be externally imported...
2026-09-18 17:59:11.951 | DEBUG    | cwl_loader:_on_process:241 - run_url:  - uri: io://
2026-09-18 17:59:11.951 | DEBUG    | cwl_loader:_on_process:237 - Checking if #asset_single_clt must be externally imported...
2026-09-18 17:59:11.951 | DEBUG    | cwl_loader:_on_process:241 - run_url:  - uri: io://
2026-09-18 17:59:11.951 | DEBUG    | cwl_loader:_on_process:237 - Checking if #translate_clt must be externally imported...
2026-09-18 17:59:11.951 | DEBUG    | cwl_loader:_on_process:241 - run_url:  - uri: io://
2026-09-18 17:59:11.951 | DEBUG    | cwl_loader:_on_process:237 - Checking if #band_math_clt must be externally imported...
2026-09-18 17:59:11.951 | DEBUG    | cwl_loader:_on_process:241 - run_url:  - uri: io://
2026-09-18 17:59:11.951 | DEBUG    | cwl_loader:_on_process:237 - Checking if #gdal_cog_clt must be externally imported...
2026-09-18 17:59:11.951 | DEBUG    | cwl_loader:_on_process:241 - run_url:  - uri: io://
2026-09-18 17:59:11.951 | DEBUG    | cwl_loader:load_cwl_from_yaml:353 - steps[].run successfully dereferenced! Dereferencing the FQNs...
2026-09-18 17:59:11.951 | DEBUG    | cwl_loader:load_cwl_from_yaml:357 - CWL document successfully dereferenced! Now verifying steps[].run integrity...
2026-09-18 17:59:11.951 | DEBUG    | cwl_loader:load_cwl_from_yaml:363 - All steps[].run link are resolvable! 
2026-09-18 17:59:11.951 | DEBUG    | cwl_loader:load_cwl_from_yaml:366 - Sorting Process instances by dependencies....
2026-09-18 17:59:11.951 | DEBUG    | cwl_loader:load_cwl_from_yaml:368 - Sorting process is over.
.2026-09-18 17:59:11.951 | DEBUG    | cwl_loader:_clean_custom_namespaces:171 - Saved original $namespaces: {'s': 'https://schema.org/', 'io': 'https://me.io'}
2026-09-18 17:59:11.951 | DEBUG    | cwl_loader:load_cwl_from_yaml:315 - Updating the model from version 'v1.0' to version 'v1.2'...
2026-09-18 17:59:11.951 | DEBUG    | cwl_loader:load_cwl_from_yaml:330 - Raw CWL document successfully updated to v1.2!
2026-09-18 17:59:11.951 | DEBUG    | cwl_loader:load_cwl_from_yaml:336 - Parsing the raw CWL document to the CWL Utils DOM...
2026-09-18 17:59:11.955 | DEBUG    | cwl_loader:load_cwl_from_yaml:347 - Raw CWL document successfully parsed to the CWL Utils DOM!
2026-09-18 17:59:11.955 | DEBUG    | cwl_loader:load_cwl_from_yaml:349 - Dereferencing the steps[].run...
2026-09-18 17:59:11.955 | DEBUG    | cwl_loader:_on_process:237 - Checking if #nbr_wf must be externally imported...
2026-09-18 17:59:11.955 | DEBUG    | cwl_loader:_on_process:241 - run_url:  - uri: io://
2026-09-18 17:59:11.955 | DEBUG    | cwl_loader:_on_process:237 - Checking if #main must be externally imported...
2026-09-18 17:59:11.955 | DEBUG    | cwl_loader:_on_process:241 - run_url:  - uri: io://
2026-09-18 17:59:11.955 | DEBUG    | cwl_loader:_on_process:237 - Checking if #gdal_cog_clt must be externally imported...
2026-09-18 17:59:11.955 | DEBUG    | cwl_loader:_on_process:241 - run_url:  - uri: io://
2026-09-18 17:59:11.955 | DEBUG    | cwl_loader:_on_process:237 - Checking if #stacme_clt must be externally imported...
2026-09-18 17:59:11.955 | DEBUG    | cwl_loader:_on_process:241 - run_url:  - uri: io://
2026-09-18 17:59:11.955 | DEBUG    | cwl_loader:_on_process:237 - Checking if #asset_single_clt must be externally imported...
2026-09-18 17:59:11.955 | DEBUG    | cwl_loader:_on_process:241 - run_url:  - uri: io://
2026-09-18 17:59:11.955 | DEBUG    | cwl_loader:_on_process:237 - Checking if #translate_clt must be externally imported...
2026-09-18 17:59:11.955 | DEBUG    | cwl_loader:_on_process:241 - run_url:  - uri: io://
2026-09-18 17:59:11.955 | DEBUG    | cwl_loader:_on_process:237 - Checking if #band_math_clt must be externally imported...
2026-09-18 17:59:11.955 | DEBUG    | cwl_loader:_on_process:241 - run_url:  - uri: io://
2026-09-18 17:59:11.955 | DEBUG    | cwl_loader:_on_process:237 - Checking if #gdal_cog_clt must be externally imported...
2026-09-18 17:59:11.955 | DEBUG    | cwl_loader:_on_process:241 - run_url:  - uri: io://
2026-09-18 17:59:11.955 | DEBUG    | cwl_loader:load_cwl_from_yaml:353 - steps[].run successfully dereferenced! Dereferencing the FQNs...
2026-09-18 17:59:11.955 | DEBUG    | cwl_loader:load_cwl_from_yaml:357 - CWL document successfully dereferenced! Now verifying steps[].run integrity...
2026-09-18 17:59:11.955 | DEBUG    | cwl_loader:load_cwl_from_yaml:363 - All steps[].run link are resolvable! 
2026-09-18 17:59:11.955 | DEBUG    | cwl_loader:load_cwl_from_yaml:366 - Sorting Process instances by dependencies....
2026-09-18 17:59:11.955 | DEBUG    | cwl_loader:load_cwl_from_yaml:368 - Sorting process is over.
.2026-09-18 17:59:11.975 | DEBUG    | cwl_loader:_clean_custom_namespaces:171 - Saved original $namespaces: {'s': 'https://schema.org/', 'io': 'https://me.io'}
2026-09-18 17:59:11.975 | DEBUG    | cwl_loader:load_cwl_from_yaml:332 - No needs to update the Raw CWL document since it targets already the v1.2
2026-09-18 17:59:11.975 | DEBUG    | cwl_loader:load_cwl_from_yaml:336 - Parsing the raw CWL document to the CWL Utils DOM...
2026-09-18 17:59:11.978 | DEBUG    | cwl_loader:load_cwl_from_yaml:347 - Raw CWL document successfully parsed to the CWL Utils DOM!
2026-09-18 17:59:11.978 | DEBUG    | cwl_loader:load_cwl_from_yaml:349 - Dereferencing the steps[].run...
2026-09-18 17:59:11.979 | DEBUG    | cwl_loader:_on_process:237 - Checking if #nbr_wf must be externally imported...
2026-09-18 17:59:11.979 | DEBUG    | cwl_loader:_on_process:241 - run_url:  - uri: io://
2026-09-18 17:59:11.979 | DEBUG    | cwl_loader:_on_process:237 - Checking if #main must be externally imported...
2026-09-18 17:59:11.979 | DEBUG    | cwl_loader:_on_process:241 - run_url:  - uri: io://
2026-09-18 17:59:11.979 | DEBUG    | cwl_loader:_on_process:237 - Checking if #gdal_cog_clt must be externally imported...
2026-09-18 17:59:11.979 | DEBUG    | cwl_loader:_on_process:241 - run_url:  - uri: io://
2026-09-18 17:59:11.979 | DEBUG    | cwl_loader:_on_process:237 - Checking if #stacme_clt must be externally imported...
2026-09-18 17:59:11.979 | DEBUG    | cwl_loader:_on_process:241 - run_url:  - uri: io://
2026-09-18 17:59:11.979 | DEBUG    | cwl_loader:_on_process:237 - Checking if #asset_single_clt must be externally imported...
2026-09-18 17:59:11.979 | DEBUG    | cwl_loader:_on_process:241 - run_url:  - uri: io://
2026-09-18 17:59:11.979 | DEBUG    | cwl_loader:_on_process:237 - Checking if #translate_clt must be externally imported...
2026-09-18 17:59:11.979 | DEBUG    | cwl_loader:_on_process:241 - run_url:  - uri: io://
2026-09-18 17:59:11.979 | DEBUG    | cwl_loader:_on_process:237 - Checking if #band_math_clt must be externally imported...
2026-09-18 17:59:11.979 | DEBUG    | cwl_loader:_on_process:241 - run_url:  - uri: io://
2026-09-18 17:59:11.979 | DEBUG    | cwl_loader:_on_process:237 - Checking if #gdal_cog_clt must be externally imported...
2026-09-18 17:59:11.979 | DEBUG    | cwl_loader:_on_process:241 - run_url:  - uri: io://
2026-09-18 17:59:11.979 | DEBUG    | cwl_loader:load_cwl_from_yaml:353 - steps[].run successfully dereferenced! Dereferencing the FQNs...
2026-09-18 17:59:11.979 | DEBUG    | cwl_loader:load_cwl_from_yaml:357 - CWL document successfully dereferenced! Now verifying steps[].run integrity...
2026-09-18 17:59:11.979 | DEBUG    | cwl_loader:load_cwl_from_yaml:363 - All steps[].run link are resolvable! 
2026-09-18 17:59:11.979 | DEBUG    | cwl_loader:load_cwl_from_yaml:366 - Sorting Process instances by dependencies....
2026-09-18 17:59:11.979 | DEBUG    | cwl_loader:load_cwl_from_yaml:368 - Sorting process is over.
.2026-09-18 17:59:11.979 | DEBUG    | cwl_loader:_clean_custom_namespaces:171 - Saved original $namespaces: {'s': 'https://schema.org/', 'io': 'https://me.io'}
2026-09-18 17:59:11.979 | DEBUG    | cwl_loader:load_cwl_from_yaml:315 - Updating the model from version 'v1.0' to version 'v1.2'...
2026-09-18 17:59:11.979 | DEBUG    | cwl_loader:load_cwl_from_yaml:330 - Raw CWL document successfully updated to v1.2!
2026-09-18 17:59:11.979 | DEBUG    | cwl_loader:load_cwl_from_yaml:336 - Parsing the raw CWL document to the CWL Utils DOM...
2026-09-18 17:59:11.983 | DEBUG    | cwl_loader:load_cwl_from_yaml:347 - Raw CWL document successfully parsed to the CWL Utils DOM!
2026-09-18 17:59:11.983 | DEBUG    | cwl_loader:load_cwl_from_yaml:349 - Dereferencing the steps[].run...
2026-09-18 17:59:11.983 | DEBUG    | cwl_loader:_on_process:237 - Checking if #nbr_wf must be externally imported...
2026-09-18 17:59:11.983 | DEBUG    | cwl_loader:_on_process:241 - run_url:  - uri: io://
2026-09-18 17:59:11.983 | DEBUG    | cwl_loader:_on_process:237 - Checking if #main must be externally imported...
2026-09-18 17:59:11.983 | DEBUG    | cwl_loader:_on_process:241 - run_url:  - uri: io://
2026-09-18 17:59:11.983 | DEBUG    | cwl_loader:_on_process:237 - Checking if #gdal_cog_clt must be externally imported...
2026-09-18 17:59:11.983 | DEBUG    | cwl_loader:_on_process:241 - run_url:  - uri: io://
2026-09-18 17:59:11.983 | DEBUG    | cwl_loader:_on_process:237 - Checking if #stacme_clt must be externally imported...
2026-09-18 17:59:11.983 | DEBUG    | cwl_loader:_on_process:241 - run_url:  - uri: io://
2026-09-18 17:59:11.983 | DEBUG    | cwl_loader:_on_process:237 - Checking if #asset_single_clt must be externally imported...
2026-09-18 17:59:11.983 | DEBUG    | cwl_loader:_on_process:241 - run_url:  - uri: io://
2026-09-18 17:59:11.983 | DEBUG    | cwl_loader:_on_process:237 - Checking if #translate_clt must be externally imported...
2026-09-18 17:59:11.983 | DEBUG    | cwl_loader:_on_process:241 - run_url:  - uri: io://
2026-09-18 17:59:11.983 | DEBUG    | cwl_loader:_on_process:237 - Checking if #band_math_clt must be externally imported...
2026-09-18 17:59:11.983 | DEBUG    | cwl_loader:_on_process:241 - run_url:  - uri: io://
2026-09-18 17:59:11.983 | DEBUG    | cwl_loader:_on_process:237 - Checking if #gdal_cog_clt must be externally imported...
2026-09-18 17:59:11.983 | DEBUG    | cwl_loader:_on_process:241 - run_url:  - uri: io://
2026-09-18 17:59:11.983 | DEBUG    | cwl_loader:load_cwl_from_yaml:353 - steps[].run successfully dereferenced! Dereferencing the FQNs...
2026-09-18 17:59:11.983 | DEBUG    | cwl_loader:load_cwl_from_yaml:357 - CWL document successfully dereferenced! Now verifying steps[].run integrity...
2026-09-18 17:59:11.983 | DEBUG    | cwl_loader:load_cwl_from_yaml:363 - All steps[].run link are resolvable! 
2026-09-18 17:59:11.983 | DEBUG    | cwl_loader:load_cwl_from_yaml:366 - Sorting Process instances by dependencies....
2026-09-18 17:59:11.983 | DEBUG    | cwl_loader:load_cwl_from_yaml:368 - Sorting process is over.
.2026-09-18 17:59:11.993 | DEBUG    | cwl_loader:_clean_custom_namespaces:171 - Saved original $namespaces: {'s': 'https://schema.org/'}
2026-09-18 17:59:11.994 | DEBUG    | cwl_loader:load_cwl_from_yaml:315 - Updating the model from version 'v1.0' to version 'v1.2'...
2026-09-18 17:59:11.994 | DEBUG    | cwl_loader:load_cwl_from_yaml:330 - Raw CWL document successfully updated to v1.2!
2026-09-18 17:59:11.994 | DEBUG    | cwl_loader:load_cwl_from_yaml:336 - Parsing the raw CWL document to the CWL Utils DOM...
2026-09-18 17:59:11.998 | DEBUG    | cwl_loader:load_cwl_from_yaml:347 - Raw CWL document successfully parsed to the CWL Utils DOM!
2026-09-18 17:59:11.998 | DEBUG    | cwl_loader:load_cwl_from_yaml:349 - Dereferencing the steps[].run...
2026-09-18 17:59:11.998 | DEBUG    | cwl_loader:_on_process:237 - Checking if #nbr_wf must be externally imported...
2026-09-18 17:59:11.998 | DEBUG    | cwl_loader:_on_process:241 - run_url:  - uri: io://
2026-09-18 17:59:11.998 | DEBUG    | cwl_loader:_on_process:237 - Checking if #main must be externally imported...
2026-09-18 17:59:11.998 | DEBUG    | cwl_loader:_on_process:241 - run_url:  - uri: io://
2026-09-18 17:59:11.998 | DEBUG    | cwl_loader:_on_process:237 - Checking if #gdal_cog_clt must be externally imported...
2026-09-18 17:59:11.998 | DEBUG    | cwl_loader:_on_process:241 - run_url:  - uri: io://
2026-09-18 17:59:11.998 | DEBUG    | cwl_loader:_on_process:237 - Checking if #stacme_clt must be externally imported...
2026-09-18 17:59:11.998 | DEBUG    | cwl_loader:_on_process:241 - run_url:  - uri: io://
2026-09-18 17:59:11.998 | DEBUG    | cwl_loader:_on_process:237 - Checking if #asset_single_clt must be externally imported...
2026-09-18 17:59:11.998 | DEBUG    | cwl_loader:_on_process:241 - run_url:  - uri: io://
2026-09-18 17:59:11.998 | DEBUG    | cwl_loader:_on_process:237 - Checking if #translate_clt must be externally imported...
2026-09-18 17:59:11.998 | DEBUG    | cwl_loader:_on_process:241 - run_url:  - uri: io://
2026-09-18 17:59:11.998 | DEBUG    | cwl_loader:_on_process:237 - Checking if #band_math_clt must be externally imported...
2026-09-18 17:59:11.998 | DEBUG    | cwl_loader:_on_process:241 - run_url:  - uri: io://
2026-09-18 17:59:11.998 | DEBUG    | cwl_loader:_on_process:237 - Checking if #gdal_cog_clt must be externally imported...
2026-09-18 17:59:11.998 | DEBUG    | cwl_loader:_on_process:241 - run_url:  - uri: io://
2026-09-18 17:59:11.998 | DEBUG    | cwl_loader:load_cwl_from_yaml:353 - steps[].run successfully dereferenced! Dereferencing the FQNs...
2026-09-18 17:59:11.998 | DEBUG    | cwl_loader:load_cwl_from_yaml:357 - CWL document successfully dereferenced! Now verifying steps[].run integrity...
2026-09-18 17:59:11.998 | DEBUG    | cwl_loader:load_cwl_from_yaml:363 - All steps[].run link are resolvable! 
2026-09-18 17:59:11.998 | DEBUG    | cwl_loader:load_cwl_from_yaml:366 - Sorting Process instances by dependencies....
2026-09-18 17:59:11.998 | DEBUG    | cwl_loader:load_cwl_from_yaml:368 - Sorting process is over.
.2026-09-18 17:59:11.998 | DEBUG    | cwl_loader:_clean_custom_namespaces:171 - Saved original $namespaces: {'s': 'https://schema.org/'}
2026-09-18 17:59:11.998 | DEBUG    | cwl_loader:load_cwl_from_yaml:315 - Updating the model from version 'v1.0' to version 'v1.2'...
2026-09-18 17:59:11.998 | DEBUG    | cwl_loader:load_cwl_from_yaml:330 - Raw CWL document successfully updated to v1.2!
2026-09-18 17:59:11.998 | DEBUG    | cwl_loader:load_cwl_from_yaml:336 - Parsing the raw CWL document to the CWL Utils DOM...
2026-09-18 17:59:12.002 | DEBUG    | cwl_loader:load_cwl_from_yaml:347 - Raw CWL document successfully parsed to the CWL Utils DOM!
2026-09-18 17:59:12.002 | DEBUG    | cwl_loader:load_cwl_from_yaml:349 - Dereferencing the steps[].run...
2026-09-18 17:59:12.002 | DEBUG    | cwl_loader:_on_process:237 - Checking if #nbr_wf must be externally imported...
2026-09-18 17:59:12.002 | DEBUG    | cwl_loader:_on_process:241 - run_url:  - uri: io://
2026-09-18 17:59:12.002 | DEBUG    | cwl_loader:_on_process:237 - Checking if #main must be externally imported...
2026-09-18 17:59:12.002 | DEBUG    | cwl_loader:_on_process:241 - run_url:  - uri: io://
2026-09-18 17:59:12.002 | DEBUG    | cwl_loader:_on_process:237 - Checking if #gdal_cog_clt must be externally imported...
2026-09-18 17:59:12.002 | DEBUG    | cwl_loader:_on_process:241 - run_url:  - uri: io://
2026-09-18 17:59:12.002 | DEBUG    | cwl_loader:_on_process:237 - Checking if #stacme_clt must be externally imported...
2026-09-18 17:59:12.002 | DEBUG    | cwl_loader:_on_process:241 - run_url:  - uri: io://
2026-09-18 17:59:12.002 | DEBUG    | cwl_loader:_on_process:237 - Checking if #asset_single_clt must be externally imported...
2026-09-18 17:59:12.002 | DEBUG    | cwl_loader:_on_process:241 - run_url:  - uri: io://
2026-09-18 17:59:12.002 | DEBUG    | cwl_loader:_on_process:237 - Checking if #translate_clt must be externally imported...
2026-09-18 17:59:12.002 | DEBUG    | cwl_loader:_on_process:241 - run_url:  - uri: io://
2026-09-18 17:59:12.002 | DEBUG    | cwl_loader:_on_process:237 - Checking if #band_math_clt must be externally imported...
2026-09-18 17:59:12.002 | DEBUG    | cwl_loader:_on_process:241 - run_url:  - uri: io://
2026-09-18 17:59:12.002 | DEBUG    | cwl_loader:_on_process:237 - Checking if #gdal_cog_clt must be externally imported...
2026-09-18 17:59:12.002 | DEBUG    | cwl_loader:_on_process:241 - run_url:  - uri: io://
2026-09-18 17:59:12.002 | DEBUG    | cwl_loader:load_cwl_from_yaml:353 - steps[].run successfully dereferenced! Dereferencing the FQNs...
2026-09-18 17:59:12.002 | DEBUG    | cwl_loader:load_cwl_from_yaml:357 - CWL document successfully dereferenced! Now verifying steps[].run integrity...
2026-09-18 17:59:12.002 | DEBUG    | cwl_loader:load_cwl_from_yaml:363 - All steps[].run link are resolvable! 
2026-09-18 17:59:12.002 | DEBUG    | cwl_loader:load_cwl_from_yaml:366 - Sorting Process instances by dependencies....
2026-09-18 17:59:12.002 | DEBUG    | cwl_loader:load_cwl_from_yaml:368 - Sorting process is over.
ERROR:root:Missing required input: pre_stac_item
.2026-09-18 17:59:12.002 | DEBUG    | cwl_loader:_clean_custom_namespaces:171 - Saved original $namespaces: {'s': 'https://schema.org/'}
2026-09-18 17:59:12.002 | DEBUG    | cwl_loader:load_cwl_from_yaml:315 - Updating the model from version 'v1.0' to version 'v1.2'...
2026-09-18 17:59:12.002 | DEBUG    | cwl_loader:load_cwl_from_yaml:330 - Raw CWL document successfully updated to v1.2!
2026-09-18 17:59:12.002 | DEBUG    | cwl_loader:load_cwl_from_yaml:336 - Parsing the raw CWL document to the CWL Utils DOM...
2026-09-18 17:59:12.006 | DEBUG    | cwl_loader:load_cwl_from_yaml:347 - Raw CWL document successfully parsed to the CWL Utils DOM!
2026-09-18 17:59:12.006 | DEBUG    | cwl_loader:load_cwl_from_yaml:349 - Dereferencing the steps[].run...
2026-09-18 17:59:12.006 | DEBUG    | cwl_loader:_on_process:237 - Checking if #nbr_wf must be externally imported...
2026-09-18 17:59:12.006 | DEBUG    | cwl_loader:_on_process:241 - run_url:  - uri: io://
2026-09-18 17:59:12.006 | DEBUG    | cwl_loader:_on_process:237 - Checking if #main must be externally imported...
2026-09-18 17:59:12.006 | DEBUG    | cwl_loader:_on_process:241 - run_url:  - uri: io://
2026-09-18 17:59:12.006 | DEBUG    | cwl_loader:_on_process:237 - Checking if #gdal_cog_clt must be externally imported...
2026-09-18 17:59:12.006 | DEBUG    | cwl_loader:_on_process:241 - run_url:  - uri: io://
2026-09-18 17:59:12.006 | DEBUG    | cwl_loader:_on_process:237 - Checking if #stacme_clt must be externally imported...
2026-09-18 17:59:12.006 | DEBUG    | cwl_loader:_on_process:241 - run_url:  - uri: io://
2026-09-18 17:59:12.006 | DEBUG    | cwl_loader:_on_process:237 - Checking if #asset_single_clt must be externally imported...
2026-09-18 17:59:12.006 | DEBUG    | cwl_loader:_on_process:241 - run_url:  - uri: io://
2026-09-18 17:59:12.006 | DEBUG    | cwl_loader:_on_process:237 - Checking if #translate_clt must be externally imported...
2026-09-18 17:59:12.006 | DEBUG    | cwl_loader:_on_process:241 - run_url:  - uri: io://
2026-09-18 17:59:12.006 | DEBUG    | cwl_loader:_on_process:237 - Checking if #band_math_clt must be externally imported...
2026-09-18 17:59:12.006 | DEBUG    | cwl_loader:_on_process:241 - run_url:  - uri: io://
2026-09-18 17:59:12.006 | DEBUG    | cwl_loader:_on_process:237 - Checking if #gdal_cog_clt must be externally imported...
2026-09-18 17:59:12.006 | DEBUG    | cwl_loader:_on_process:241 - run_url:  - uri: io://
2026-09-18 17:59:12.006 | DEBUG    | cwl_loader:load_cwl_from_yaml:353 - steps[].run successfully dereferenced! Dereferencing the FQNs...
2026-09-18 17:59:12.006 | DEBUG    | cwl_loader:load_cwl_from_yaml:357 - CWL document successfully dereferenced! Now verifying steps[].run integrity...
2026-09-18 17:59:12.006 | DEBUG    | cwl_loader:load_cwl_from_yaml:363 - All steps[].run link are resolvable! 
2026-09-18 17:59:12.006 | DEBUG    | cwl_loader:load_cwl_from_yaml:366 - Sorting Process instances by dependencies....
2026-09-18 17:59:12.006 | DEBUG    | cwl_loader:load_cwl_from_yaml:368 - Sorting process is over.
.2026-09-18 17:59:12.006 | DEBUG    | cwl_loader:_clean_custom_namespaces:171 - Saved original $namespaces: {'s': 'https://schema.org/'}
2026-09-18 17:59:12.006 | DEBUG    | cwl_loader:load_cwl_from_yaml:315 - Updating the model from version 'v1.0' to version 'v1.2'...
2026-09-18 17:59:12.006 | DEBUG    | cwl_loader:load_cwl_from_yaml:330 - Raw CWL document successfully updated to v1.2!
2026-09-18 17:59:12.006 | DEBUG    | cwl_loader:load_cwl_from_yaml:336 - Parsing the raw CWL document to the CWL Utils DOM...
2026-09-18 17:59:12.010 | DEBUG    | cwl_loader:load_cwl_from_yaml:347 - Raw CWL document successfully parsed to the CWL Utils DOM!
2026-09-18 17:59:12.010 | DEBUG    | cwl_loader:load_cwl_from_yaml:349 - Dereferencing the steps[].run...
2026-09-18 17:59:12.010 | DEBUG    | cwl_loader:_on_process:237 - Checking if #nbr_wf must be externally imported...
2026-09-18 17:59:12.010 | DEBUG    | cwl_loader:_on_process:241 - run_url:  - uri: io://
2026-09-18 17:59:12.010 | DEBUG    | cwl_loader:_on_process:237 - Checking if #main must be externally imported...
2026-09-18 17:59:12.010 | DEBUG    | cwl_loader:_on_process:241 - run_url:  - uri: io://
2026-09-18 17:59:12.010 | DEBUG    | cwl_loader:_on_process:237 - Checking if #gdal_cog_clt must be externally imported...
2026-09-18 17:59:12.010 | DEBUG    | cwl_loader:_on_process:241 - run_url:  - uri: io://
2026-09-18 17:59:12.010 | DEBUG    | cwl_loader:_on_process:237 - Checking if #stacme_clt must be externally imported...
2026-09-18 17:59:12.010 | DEBUG    | cwl_loader:_on_process:241 - run_url:  - uri: io://
2026-09-18 17:59:12.010 | DEBUG    | cwl_loader:_on_process:237 - Checking if #asset_single_clt must be externally imported...
2026-09-18 17:59:12.010 | DEBUG    | cwl_loader:_on_process:241 - run_url:  - uri: io://
2026-09-18 17:59:12.010 | DEBUG    | cwl_loader:_on_process:237 - Checking if #translate_clt must be externally imported...
2026-09-18 17:59:12.010 | DEBUG    | cwl_loader:_on_process:241 - run_url:  - uri: io://
2026-09-18 17:59:12.010 | DEBUG    | cwl_loader:_on_process:237 - Checking if #band_math_clt must be externally imported...
2026-09-18 17:59:12.010 | DEBUG    | cwl_loader:_on_process:241 - run_url:  - uri: io://
2026-09-18 17:59:12.010 | DEBUG    | cwl_loader:_on_process:237 - Checking if #gdal_cog_clt must be externally imported...
2026-09-18 17:59:12.010 | DEBUG    | cwl_loader:_on_process:241 - run_url:  - uri: io://
2026-09-18 17:59:12.010 | DEBUG    | cwl_loader:load_cwl_from_yaml:353 - steps[].run successfully dereferenced! Dereferencing the FQNs...
2026-09-18 17:59:12.010 | DEBUG    | cwl_loader:load_cwl_from_yaml:357 - CWL document successfully dereferenced! Now verifying steps[].run integrity...
2026-09-18 17:59:12.010 | DEBUG    | cwl_loader:load_cwl_from_yaml:363 - All steps[].run link are resolvable! 
2026-09-18 17:59:12.010 | DEBUG    | cwl_loader:load_cwl_from_yaml:366 - Sorting Process instances by dependencies....
2026-09-18 17:59:12.011 | DEBUG    | cwl_loader:load_cwl_from_yaml:368 - Sorting process is over.
.2026-09-18 17:59:12.011 | DEBUG    | cwl_loader:_clean_custom_namespaces:171 - Saved original $namespaces: {'s': 'https://schema.org/'}
2026-09-18 17:59:12.011 | DEBUG    | cwl_loader:load_cwl_from_yaml:315 - Updating the model from version 'v1.0' to version 'v1.2'...
2026-09-18 17:59:12.011 | DEBUG    | cwl_loader:load_cwl_from_yaml:330 - Raw CWL document successfully updated to v1.2!
2026-09-18 17:59:12.011 | DEBUG    | cwl_loader:load_cwl_from_yaml:336 - Parsing the raw CWL document to the CWL Utils DOM...
2026-09-18 17:59:12.014 | DEBUG    | cwl_loader:load_cwl_from_yaml:347 - Raw CWL document successfully parsed to the CWL Utils DOM!
2026-09-18 17:59:12.014 | DEBUG    | cwl_loader:load_cwl_from_yaml:349 - Dereferencing the steps[].run...
2026-09-18 17:59:12.014 | DEBUG    | cwl_loader:_on_process:237 - Checking if #nbr_wf must be externally imported...
2026-09-18 17:59:12.014 | DEBUG    | cwl_loader:_on_process:241 - run_url:  - uri: io://
2026-09-18 17:59:12.014 | DEBUG    | cwl_loader:_on_process:237 - Checking if #main must be externally imported...
2026-09-18 17:59:12.014 | DEBUG    | cwl_loader:_on_process:241 - run_url:  - uri: io://
2026-09-18 17:59:12.014 | DEBUG    | cwl_loader:_on_process:237 - Checking if #gdal_cog_clt must be externally imported...
2026-09-18 17:59:12.014 | DEBUG    | cwl_loader:_on_process:241 - run_url:  - uri: io://
2026-09-18 17:59:12.014 | DEBUG    | cwl_loader:_on_process:237 - Checking if #stacme_clt must be externally imported...
2026-09-18 17:59:12.014 | DEBUG    | cwl_loader:_on_process:241 - run_url:  - uri: io://
2026-09-18 17:59:12.014 | DEBUG    | cwl_loader:_on_process:237 - Checking if #asset_single_clt must be externally imported...
2026-09-18 17:59:12.014 | DEBUG    | cwl_loader:_on_process:241 - run_url:  - uri: io://
2026-09-18 17:59:12.014 | DEBUG    | cwl_loader:_on_process:237 - Checking if #translate_clt must be externally imported...
2026-09-18 17:59:12.014 | DEBUG    | cwl_loader:_on_process:241 - run_url:  - uri: io://
2026-09-18 17:59:12.014 | DEBUG    | cwl_loader:_on_process:237 - Checking if #band_math_clt must be externally imported...
2026-09-18 17:59:12.014 | DEBUG    | cwl_loader:_on_process:241 - run_url:  - uri: io://
2026-09-18 17:59:12.014 | DEBUG    | cwl_loader:_on_process:237 - Checking if #gdal_cog_clt must be externally imported...
2026-09-18 17:59:12.014 | DEBUG    | cwl_loader:_on_process:241 - run_url:  - uri: io://
2026-09-18 17:59:12.014 | DEBUG    | cwl_loader:load_cwl_from_yaml:353 - steps[].run successfully dereferenced! Dereferencing the FQNs...
2026-09-18 17:59:12.014 | DEBUG    | cwl_loader:load_cwl_from_yaml:357 - CWL document successfully dereferenced! Now verifying steps[].run integrity...
2026-09-18 17:59:12.014 | DEBUG    | cwl_loader:load_cwl_from_yaml:363 - All steps[].run link are resolvable! 
2026-09-18 17:59:12.014 | DEBUG    | cwl_loader:load_cwl_from_yaml:366 - Sorting Process instances by dependencies....
2026-09-18 17:59:12.014 | DEBUG    | cwl_loader:load_cwl_from_yaml:368 - Sorting process is over.
.2026-09-18 17:59:12.015 | DEBUG    | cwl_loader:_clean_custom_namespaces:171 - Saved original $namespaces: {'s': 'https://schema.org/'}
2026-09-18 17:59:12.015 | DEBUG    | cwl_loader:load_cwl_from_yaml:315 - Updating the model from version 'v1.0' to version 'v1.2'...
2026-09-18 17:59:12.015 | DEBUG    | cwl_loader:load_cwl_from_yaml:330 - Raw CWL document successfully updated to v1.2!
2026-09-18 17:59:12.015 | DEBUG    | cwl_loader:load_cwl_from_yaml:336 - Parsing the raw CWL document to the CWL Utils DOM...
2026-09-18 17:59:12.019 | DEBUG    | cwl_loader:load_cwl_from_yaml:347 - Raw CWL document successfully parsed to the CWL Utils DOM!
2026-09-18 17:59:12.019 | DEBUG    | cwl_loader:load_cwl_from_yaml:349 - Dereferencing the steps[].run...
2026-09-18 17:59:12.019 | DEBUG    | cwl_loader:_on_process:237 - Checking if #nbr_wf must be externally imported...
2026-09-18 17:59:12.019 | DEBUG    | cwl_loader:_on_process:241 - run_url:  - uri: io://
2026-09-18 17:59:12.019 | DEBUG    | cwl_loader:_on_process:237 - Checking if #main must be externally imported...
2026-09-18 17:59:12.019 | DEBUG    | cwl_loader:_on_process:241 - run_url:  - uri: io://
2026-09-18 17:59:12.019 | DEBUG    | cwl_loader:_on_process:237 - Checking if #gdal_cog_clt must be externally imported...
2026-09-18 17:59:12.019 | DEBUG    | cwl_loader:_on_process:241 - run_url:  - uri: io://
2026-09-18 17:59:12.019 | DEBUG    | cwl_loader:_on_process:237 - Checking if #stacme_clt must be externally imported...
2026-09-18 17:59:12.019 | DEBUG    | cwl_loader:_on_process:241 - run_url:  - uri: io://
2026-09-18 17:59:12.019 | DEBUG    | cwl_loader:_on_process:237 - Checking if #asset_single_clt must be externally imported...
2026-09-18 17:59:12.019 | DEBUG    | cwl_loader:_on_process:241 - run_url:  - uri: io://
2026-09-18 17:59:12.019 | DEBUG    | cwl_loader:_on_process:237 - Checking if #translate_clt must be externally imported...
2026-09-18 17:59:12.019 | DEBUG    | cwl_loader:_on_process:241 - run_url:  - uri: io://
2026-09-18 17:59:12.019 | DEBUG    | cwl_loader:_on_process:237 - Checking if #band_math_clt must be externally imported...
2026-09-18 17:59:12.019 | DEBUG    | cwl_loader:_on_process:241 - run_url:  - uri: io://
2026-09-18 17:59:12.019 | DEBUG    | cwl_loader:_on_process:237 - Checking if #gdal_cog_clt must be externally imported...
2026-09-18 17:59:12.019 | DEBUG    | cwl_loader:_on_process:241 - run_url:  - uri: io://
2026-09-18 17:59:12.019 | DEBUG    | cwl_loader:load_cwl_from_yaml:353 - steps[].run successfully dereferenced! Dereferencing the FQNs...
2026-09-18 17:59:12.019 | DEBUG    | cwl_loader:load_cwl_from_yaml:357 - CWL document successfully dereferenced! Now verifying steps[].run integrity...
2026-09-18 17:59:12.019 | DEBUG    | cwl_loader:load_cwl_from_yaml:363 - All steps[].run link are resolvable! 
2026-09-18 17:59:12.019 | DEBUG    | cwl_loader:load_cwl_from_yaml:366 - Sorting Process instances by dependencies....
2026-09-18 17:59:12.019 | DEBUG    | cwl_loader:load_cwl_from_yaml:368 - Sorting process is over.
.2026-09-18 17:59:12.019 | DEBUG    | cwl_loader:_clean_custom_namespaces:171 - Saved original $namespaces: {'s': 'https://schema.org/'}
2026-09-18 17:59:12.020 | DEBUG    | cwl_loader:load_cwl_from_yaml:315 - Updating the model from version 'v1.0' to version 'v1.2'...
2026-09-18 17:59:12.020 | DEBUG    | cwl_loader:load_cwl_from_yaml:330 - Raw CWL document successfully updated to v1.2!
2026-09-18 17:59:12.020 | DEBUG    | cwl_loader:load_cwl_from_yaml:336 - Parsing the raw CWL document to the CWL Utils DOM...
2026-09-18 17:59:12.023 | DEBUG    | cwl_loader:load_cwl_from_yaml:347 - Raw CWL document successfully parsed to the CWL Utils DOM!
2026-09-18 17:59:12.023 | DEBUG    | cwl_loader:load_cwl_from_yaml:349 - Dereferencing the steps[].run...
2026-09-18 17:59:12.023 | DEBUG    | cwl_loader:_on_process:237 - Checking if #nbr_wf must be externally imported...
2026-09-18 17:59:12.023 | DEBUG    | cwl_loader:_on_process:241 - run_url:  - uri: io://
2026-09-18 17:59:12.023 | DEBUG    | cwl_loader:_on_process:237 - Checking if #main must be externally imported...
2026-09-18 17:59:12.023 | DEBUG    | cwl_loader:_on_process:241 - run_url:  - uri: io://
2026-09-18 17:59:12.023 | DEBUG    | cwl_loader:_on_process:237 - Checking if #gdal_cog_clt must be externally imported...
2026-09-18 17:59:12.023 | DEBUG    | cwl_loader:_on_process:241 - run_url:  - uri: io://
2026-09-18 17:59:12.023 | DEBUG    | cwl_loader:_on_process:237 - Checking if #stacme_clt must be externally imported...
2026-09-18 17:59:12.023 | DEBUG    | cwl_loader:_on_process:241 - run_url:  - uri: io://
2026-09-18 17:59:12.023 | DEBUG    | cwl_loader:_on_process:237 - Checking if #asset_single_clt must be externally imported...
2026-09-18 17:59:12.023 | DEBUG    | cwl_loader:_on_process:241 - run_url:  - uri: io://
2026-09-18 17:59:12.023 | DEBUG    | cwl_loader:_on_process:237 - Checking if #translate_clt must be externally imported...
2026-09-18 17:59:12.023 | DEBUG    | cwl_loader:_on_process:241 - run_url:  - uri: io://
2026-09-18 17:59:12.023 | DEBUG    | cwl_loader:_on_process:237 - Checking if #band_math_clt must be externally imported...
2026-09-18 17:59:12.023 | DEBUG    | cwl_loader:_on_process:241 - run_url:  - uri: io://
2026-09-18 17:59:12.023 | DEBUG    | cwl_loader:_on_process:237 - Checking if #gdal_cog_clt must be externally imported...
2026-09-18 17:59:12.023 | DEBUG    | cwl_loader:_on_process:241 - run_url:  - uri: io://
2026-09-18 17:59:12.023 | DEBUG    | cwl_loader:load_cwl_from_yaml:353 - steps[].run successfully dereferenced! Dereferencing the FQNs...
2026-09-18 17:59:12.023 | DEBUG    | cwl_loader:load_cwl_from_yaml:357 - CWL document successfully dereferenced! Now verifying steps[].run integrity...
2026-09-18 17:59:12.023 | DEBUG    | cwl_loader:load_cwl_from_yaml:363 - All steps[].run link are resolvable! 
2026-09-18 17:59:12.023 | DEBUG    | cwl_loader:load_cwl_from_yaml:366 - Sorting Process instances by dependencies....
2026-09-18 17:59:12.023 | DEBUG    | cwl_loader:load_cwl_from_yaml:368 - Sorting process is over.
.2026-09-18 17:59:12.023 | DEBUG    | cwl_loader:_clean_custom_namespaces:171 - Saved original $namespaces: {'s': 'https://schema.org/'}
2026-09-18 17:59:12.023 | DEBUG    | cwl_loader:load_cwl_from_yaml:315 - Updating the model from version 'v1.0' to version 'v1.2'...
2026-09-18 17:59:12.023 | DEBUG    | cwl_loader:load_cwl_from_yaml:330 - Raw CWL document successfully updated to v1.2!
2026-09-18 17:59:12.023 | DEBUG    | cwl_loader:load_cwl_from_yaml:336 - Parsing the raw CWL document to the CWL Utils DOM...
2026-09-18 17:59:12.027 | DEBUG    | cwl_loader:load_cwl_from_yaml:347 - Raw CWL document successfully parsed to the CWL Utils DOM!
2026-09-18 17:59:12.027 | DEBUG    | cwl_loader:load_cwl_from_yaml:349 - Dereferencing the steps[].run...
2026-09-18 17:59:12.027 | DEBUG    | cwl_loader:_on_process:237 - Checking if #nbr_wf must be externally imported...
2026-09-18 17:59:12.027 | DEBUG    | cwl_loader:_on_process:241 - run_url:  - uri: io://
2026-09-18 17:59:12.027 | DEBUG    | cwl_loader:_on_process:237 - Checking if #main must be externally imported...
2026-09-18 17:59:12.027 | DEBUG    | cwl_loader:_on_process:241 - run_url:  - uri: io://
2026-09-18 17:59:12.027 | DEBUG    | cwl_loader:_on_process:237 - Checking if #gdal_cog_clt must be externally imported...
2026-09-18 17:59:12.027 | DEBUG    | cwl_loader:_on_process:241 - run_url:  - uri: io://
2026-09-18 17:59:12.027 | DEBUG    | cwl_loader:_on_process:237 - Checking if #stacme_clt must be externally imported...
2026-09-18 17:59:12.027 | DEBUG    | cwl_loader:_on_process:241 - run_url:  - uri: io://
2026-09-18 17:59:12.027 | DEBUG    | cwl_loader:_on_process:237 - Checking if #asset_single_clt must be externally imported...
2026-09-18 17:59:12.027 | DEBUG    | cwl_loader:_on_process:241 - run_url:  - uri: io://
2026-09-18 17:59:12.027 | DEBUG    | cwl_loader:_on_process:237 - Checking if #translate_clt must be externally imported...
2026-09-18 17:59:12.027 | DEBUG    | cwl_loader:_on_process:241 - run_url:  - uri: io://
2026-09-18 17:59:12.027 | DEBUG    | cwl_loader:_on_process:237 - Checking if #band_math_clt must be externally imported...
2026-09-18 17:59:12.027 | DEBUG    | cwl_loader:_on_process:241 - run_url:  - uri: io://
2026-09-18 17:59:12.027 | DEBUG    | cwl_loader:_on_process:237 - Checking if #gdal_cog_clt must be externally imported...
2026-09-18 17:59:12.027 | DEBUG    | cwl_loader:_on_process:241 - run_url:  - uri: io://
2026-09-18 17:59:12.027 | DEBUG    | cwl_loader:load_cwl_from_yaml:353 - steps[].run successfully dereferenced! Dereferencing the FQNs...
2026-09-18 17:59:12.027 | DEBUG    | cwl_loader:load_cwl_from_yaml:357 - CWL document successfully dereferenced! Now verifying steps[].run integrity...
2026-09-18 17:59:12.027 | DEBUG    | cwl_loader:load_cwl_from_yaml:363 - All steps[].run link are resolvable! 
2026-09-18 17:59:12.027 | DEBUG    | cwl_loader:load_cwl_from_yaml:366 - Sorting Process instances by dependencies....
2026-09-18 17:59:12.027 | DEBUG    | cwl_loader:load_cwl_from_yaml:368 - Sorting process is over.
.2026-09-18 17:59:12.027 | DEBUG    | cwl_loader:_clean_custom_namespaces:171 - Saved original $namespaces: {'s': 'https://schema.org/'}
2026-09-18 17:59:12.027 | DEBUG    | cwl_loader:load_cwl_from_yaml:315 - Updating the model from version 'v1.0' to version 'v1.2'...
2026-09-18 17:59:12.028 | DEBUG    | cwl_loader:load_cwl_from_yaml:330 - Raw CWL document successfully updated to v1.2!
2026-09-18 17:59:12.028 | DEBUG    | cwl_loader:load_cwl_from_yaml:336 - Parsing the raw CWL document to the CWL Utils DOM...
2026-09-18 17:59:12.031 | DEBUG    | cwl_loader:load_cwl_from_yaml:347 - Raw CWL document successfully parsed to the CWL Utils DOM!
2026-09-18 17:59:12.031 | DEBUG    | cwl_loader:load_cwl_from_yaml:349 - Dereferencing the steps[].run...
2026-09-18 17:59:12.031 | DEBUG    | cwl_loader:_on_process:237 - Checking if #nbr_wf must be externally imported...
2026-09-18 17:59:12.031 | DEBUG    | cwl_loader:_on_process:241 - run_url:  - uri: io://
2026-09-18 17:59:12.031 | DEBUG    | cwl_loader:_on_process:237 - Checking if #main must be externally imported...
2026-09-18 17:59:12.031 | DEBUG    | cwl_loader:_on_process:241 - run_url:  - uri: io://
2026-09-18 17:59:12.031 | DEBUG    | cwl_loader:_on_process:237 - Checking if #gdal_cog_clt must be externally imported...
2026-09-18 17:59:12.031 | DEBUG    | cwl_loader:_on_process:241 - run_url:  - uri: io://
2026-09-18 17:59:12.031 | DEBUG    | cwl_loader:_on_process:237 - Checking if #stacme_clt must be externally imported...
2026-09-18 17:59:12.031 | DEBUG    | cwl_loader:_on_process:241 - run_url:  - uri: io://
2026-09-18 17:59:12.031 | DEBUG    | cwl_loader:_on_process:237 - Checking if #asset_single_clt must be externally imported...
2026-09-18 17:59:12.031 | DEBUG    | cwl_loader:_on_process:241 - run_url:  - uri: io://
2026-09-18 17:59:12.031 | DEBUG    | cwl_loader:_on_process:237 - Checking if #translate_clt must be externally imported...
2026-09-18 17:59:12.031 | DEBUG    | cwl_loader:_on_process:241 - run_url:  - uri: io://
2026-09-18 17:59:12.031 | DEBUG    | cwl_loader:_on_process:237 - Checking if #band_math_clt must be externally imported...
2026-09-18 17:59:12.031 | DEBUG    | cwl_loader:_on_process:241 - run_url:  - uri: io://
2026-09-18 17:59:12.031 | DEBUG    | cwl_loader:_on_process:237 - Checking if #gdal_cog_clt must be externally imported...
2026-09-18 17:59:12.031 | DEBUG    | cwl_loader:_on_process:241 - run_url:  - uri: io://
2026-09-18 17:59:12.031 | DEBUG    | cwl_loader:load_cwl_from_yaml:353 - steps[].run successfully dereferenced! Dereferencing the FQNs...
2026-09-18 17:59:12.032 | DEBUG    | cwl_loader:load_cwl_from_yaml:357 - CWL document successfully dereferenced! Now verifying steps[].run integrity...
2026-09-18 17:59:12.032 | DEBUG    | cwl_loader:load_cwl_from_yaml:363 - All steps[].run link are resolvable! 
2026-09-18 17:59:12.032 | DEBUG    | cwl_loader:load_cwl_from_yaml:366 - Sorting Process instances by dependencies....
2026-09-18 17:59:12.032 | DEBUG    | cwl_loader:load_cwl_from_yaml:368 - Sorting process is over.
.2026-09-18 17:59:12.032 | DEBUG    | cwl_loader:_clean_custom_namespaces:171 - Saved original $namespaces: {'s': 'https://schema.org/'}
2026-09-18 17:59:12.032 | DEBUG    | cwl_loader:load_cwl_from_yaml:315 - Updating the model from version 'v1.0' to version 'v1.2'...
2026-09-18 17:59:12.032 | DEBUG    | cwl_loader:load_cwl_from_yaml:330 - Raw CWL document successfully updated to v1.2!
2026-09-18 17:59:12.032 | DEBUG    | cwl_loader:load_cwl_from_yaml:336 - Parsing the raw CWL document to the CWL Utils DOM...
2026-09-18 17:59:12.035 | DEBUG    | cwl_loader:load_cwl_from_yaml:347 - Raw CWL document successfully parsed to the CWL Utils DOM!
2026-09-18 17:59:12.035 | DEBUG    | cwl_loader:load_cwl_from_yaml:349 - Dereferencing the steps[].run...
2026-09-18 17:59:12.035 | DEBUG    | cwl_loader:_on_process:237 - Checking if #nbr_wf must be externally imported...
2026-09-18 17:59:12.035 | DEBUG    | cwl_loader:_on_process:241 - run_url:  - uri: io://
2026-09-18 17:59:12.035 | DEBUG    | cwl_loader:_on_process:237 - Checking if #main must be externally imported...
2026-09-18 17:59:12.035 | DEBUG    | cwl_loader:_on_process:241 - run_url:  - uri: io://
2026-09-18 17:59:12.035 | DEBUG    | cwl_loader:_on_process:237 - Checking if #gdal_cog_clt must be externally imported...
2026-09-18 17:59:12.035 | DEBUG    | cwl_loader:_on_process:241 - run_url:  - uri: io://
2026-09-18 17:59:12.035 | DEBUG    | cwl_loader:_on_process:237 - Checking if #stacme_clt must be externally imported...
2026-09-18 17:59:12.035 | DEBUG    | cwl_loader:_on_process:241 - run_url:  - uri: io://
2026-09-18 17:59:12.035 | DEBUG    | cwl_loader:_on_process:237 - Checking if #asset_single_clt must be externally imported...
2026-09-18 17:59:12.035 | DEBUG    | cwl_loader:_on_process:241 - run_url:  - uri: io://
2026-09-18 17:59:12.035 | DEBUG    | cwl_loader:_on_process:237 - Checking if #translate_clt must be externally imported...
2026-09-18 17:59:12.035 | DEBUG    | cwl_loader:_on_process:241 - run_url:  - uri: io://
2026-09-18 17:59:12.035 | DEBUG    | cwl_loader:_on_process:237 - Checking if #band_math_clt must be externally imported...
2026-09-18 17:59:12.035 | DEBUG    | cwl_loader:_on_process:241 - run_url:  - uri: io://
2026-09-18 17:59:12.035 | DEBUG    | cwl_loader:_on_process:237 - Checking if #gdal_cog_clt must be externally imported...
2026-09-18 17:59:12.035 | DEBUG    | cwl_loader:_on_process:241 - run_url:  - uri: io://
2026-09-18 17:59:12.035 | DEBUG    | cwl_loader:load_cwl_from_yaml:353 - steps[].run successfully dereferenced! Dereferencing the FQNs...
2026-09-18 17:59:12.036 | DEBUG    | cwl_loader:load_cwl_from_yaml:357 - CWL document successfully dereferenced! Now verifying steps[].run integrity...
2026-09-18 17:59:12.036 | DEBUG    | cwl_loader:load_cwl_from_yaml:363 - All steps[].run link are resolvable! 
2026-09-18 17:59:12.036 | DEBUG    | cwl_loader:load_cwl_from_yaml:366 - Sorting Process instances by dependencies....
2026-09-18 17:59:12.036 | DEBUG    | cwl_loader:load_cwl_from_yaml:368 - Sorting process is over.
.2026-09-18 17:59:12.036 | DEBUG    | cwl_loader:_clean_custom_namespaces:171 - Saved original $namespaces: {'s': 'https://schema.org/'}
2026-09-18 17:59:12.036 | DEBUG    | cwl_loader:load_cwl_from_yaml:315 - Updating the model from version 'v1.0' to version 'v1.2'...
2026-09-18 17:59:12.036 | DEBUG    | cwl_loader:load_cwl_from_yaml:330 - Raw CWL document successfully updated to v1.2!
2026-09-18 17:59:12.036 | DEBUG    | cwl_loader:load_cwl_from_yaml:336 - Parsing the raw CWL document to the CWL Utils DOM...
2026-09-18 17:59:12.039 | DEBUG    | cwl_loader:load_cwl_from_yaml:347 - Raw CWL document successfully parsed to the CWL Utils DOM!
2026-09-18 17:59:12.039 | DEBUG    | cwl_loader:load_cwl_from_yaml:349 - Dereferencing the steps[].run...
2026-09-18 17:59:12.039 | DEBUG    | cwl_loader:_on_process:237 - Checking if #nbr_wf must be externally imported...
2026-09-18 17:59:12.039 | DEBUG    | cwl_loader:_on_process:241 - run_url:  - uri: io://
2026-09-18 17:59:12.039 | DEBUG    | cwl_loader:_on_process:237 - Checking if #main must be externally imported...
2026-09-18 17:59:12.039 | DEBUG    | cwl_loader:_on_process:241 - run_url:  - uri: io://
2026-09-18 17:59:12.039 | DEBUG    | cwl_loader:_on_process:237 - Checking if #gdal_cog_clt must be externally imported...
2026-09-18 17:59:12.039 | DEBUG    | cwl_loader:_on_process:241 - run_url:  - uri: io://
2026-09-18 17:59:12.039 | DEBUG    | cwl_loader:_on_process:237 - Checking if #stacme_clt must be externally imported...
2026-09-18 17:59:12.039 | DEBUG    | cwl_loader:_on_process:241 - run_url:  - uri: io://
2026-09-18 17:59:12.039 | DEBUG    | cwl_loader:_on_process:237 - Checking if #asset_single_clt must be externally imported...
2026-09-18 17:59:12.039 | DEBUG    | cwl_loader:_on_process:241 - run_url:  - uri: io://
2026-09-18 17:59:12.039 | DEBUG    | cwl_loader:_on_process:237 - Checking if #translate_clt must be externally imported...
2026-09-18 17:59:12.039 | DEBUG    | cwl_loader:_on_process:241 - run_url:  - uri: io://
2026-09-18 17:59:12.039 | DEBUG    | cwl_loader:_on_process:237 - Checking if #band_math_clt must be externally imported...
2026-09-18 17:59:12.039 | DEBUG    | cwl_loader:_on_process:241 - run_url:  - uri: io://
2026-09-18 17:59:12.039 | DEBUG    | cwl_loader:_on_process:237 - Checking if #gdal_cog_clt must be externally imported...
2026-09-18 17:59:12.039 | DEBUG    | cwl_loader:_on_process:241 - run_url:  - uri: io://
2026-09-18 17:59:12.039 | DEBUG    | cwl_loader:load_cwl_from_yaml:353 - steps[].run successfully dereferenced! Dereferencing the FQNs...
2026-09-18 17:59:12.039 | DEBUG    | cwl_loader:load_cwl_from_yaml:357 - CWL document successfully dereferenced! Now verifying steps[].run integrity...
2026-09-18 17:59:12.040 | DEBUG    | cwl_loader:load_cwl_from_yaml:363 - All steps[].run link are resolvable! 
2026-09-18 17:59:12.040 | DEBUG    | cwl_loader:load_cwl_from_yaml:366 - Sorting Process instances by dependencies....
2026-09-18 17:59:12.040 | DEBUG    | cwl_loader:load_cwl_from_yaml:368 - Sorting process is over.
.2026-09-18 17:59:12.040 | DEBUG    | cwl_loader:_clean_custom_namespaces:171 - Saved original $namespaces: {'s': 'https://schema.org/'}
2026-09-18 17:59:12.040 | DEBUG    | cwl_loader:load_cwl_from_yaml:315 - Updating the model from version 'v1.0' to version 'v1.2'...
2026-09-18 17:59:12.040 | DEBUG    | cwl_loader:load_cwl_from_yaml:330 - Raw CWL document successfully updated to v1.2!
2026-09-18 17:59:12.040 | DEBUG    | cwl_loader:load_cwl_from_yaml:336 - Parsing the raw CWL document to the CWL Utils DOM...
2026-09-18 17:59:12.044 | DEBUG    | cwl_loader:load_cwl_from_yaml:347 - Raw CWL document successfully parsed to the CWL Utils DOM!
2026-09-18 17:59:12.044 | DEBUG    | cwl_loader:load_cwl_from_yaml:349 - Dereferencing the steps[].run...
2026-09-18 17:59:12.044 | DEBUG    | cwl_loader:_on_process:237 - Checking if #nbr_wf must be externally imported...
2026-09-18 17:59:12.044 | DEBUG    | cwl_loader:_on_process:241 - run_url:  - uri: io://
2026-09-18 17:59:12.044 | DEBUG    | cwl_loader:_on_process:237 - Checking if #main must be externally imported...
2026-09-18 17:59:12.044 | DEBUG    | cwl_loader:_on_process:241 - run_url:  - uri: io://
2026-09-18 17:59:12.044 | DEBUG    | cwl_loader:_on_process:237 - Checking if #gdal_cog_clt must be externally imported...
2026-09-18 17:59:12.044 | DEBUG    | cwl_loader:_on_process:241 - run_url:  - uri: io://
2026-09-18 17:59:12.044 | DEBUG    | cwl_loader:_on_process:237 - Checking if #stacme_clt must be externally imported...
2026-09-18 17:59:12.044 | DEBUG    | cwl_loader:_on_process:241 - run_url:  - uri: io://
2026-09-18 17:59:12.044 | DEBUG    | cwl_loader:_on_process:237 - Checking if #asset_single_clt must be externally imported...
2026-09-18 17:59:12.044 | DEBUG    | cwl_loader:_on_process:241 - run_url:  - uri: io://
2026-09-18 17:59:12.044 | DEBUG    | cwl_loader:_on_process:237 - Checking if #translate_clt must be externally imported...
2026-09-18 17:59:12.044 | DEBUG    | cwl_loader:_on_process:241 - run_url:  - uri: io://
2026-09-18 17:59:12.044 | DEBUG    | cwl_loader:_on_process:237 - Checking if #band_math_clt must be externally imported...
2026-09-18 17:59:12.044 | DEBUG    | cwl_loader:_on_process:241 - run_url:  - uri: io://
2026-09-18 17:59:12.044 | DEBUG    | cwl_loader:_on_process:237 - Checking if #gdal_cog_clt must be externally imported...
2026-09-18 17:59:12.044 | DEBUG    | cwl_loader:_on_process:241 - run_url:  - uri: io://
2026-09-18 17:59:12.044 | DEBUG    | cwl_loader:load_cwl_from_yaml:353 - steps[].run successfully dereferenced! Dereferencing the FQNs...
2026-09-18 17:59:12.044 | DEBUG    | cwl_loader:load_cwl_from_yaml:357 - CWL document successfully dereferenced! Now verifying steps[].run integrity...
2026-09-18 17:59:12.044 | DEBUG    | cwl_loader:load_cwl_from_yaml:363 - All steps[].run link are resolvable! 
2026-09-18 17:59:12.044 | DEBUG    | cwl_loader:load_cwl_from_yaml:366 - Sorting Process instances by dependencies....
2026-09-18 17:59:12.044 | DEBUG    | cwl_loader:load_cwl_from_yaml:368 - Sorting process is over.
2026-09-18 17:59:12.044 | WARNING  | zoo_calrissian_runner:wrap:467 - No auth_env/cwd found, using self.workflow.cwl without customs
2026-09-18 17:59:12.044 | INFO     | zoo_calrissian_runner:wrap:487 - Renaming 'main' to 'main_clt' to avoid conflict with orchestrator
2026-09-18 17:59:12.044 | INFO     | zoo_calrissian_runner:wrap:497 - Updated step 'node_dnbr' to reference '#main_clt'
2026-09-18 17:59:12.044 | INFO     | zoo_calrissian_runner:wrap:503 - Wrapping process: main_clt
2026-09-18 17:59:12.044 | DEBUG    | cwl_loader:load_cwl_from_location:421 - Loading CWL document from /Users/anushacs/Downloads/python-packages/zoo-calrissian-runner/assets/stagein.yaml...
2026-09-18 17:59:12.044 | DEBUG    | cwl_loader:_load_cwl_from_stream:424 - Reading stream from /Users/anushacs/Downloads/python-packages/zoo-calrissian-runner/assets/stagein.yaml...
2026-09-18 17:59:12.047 | DEBUG    | cwl_loader:load_cwl_from_stream:398 - CWL data of type <class 'ruamel.yaml.comments.CommentedMap'> successfully loaded from stream
2026-09-18 17:59:12.048 | DEBUG    | cwl_loader:load_cwl_from_yaml:315 - Updating the model from version 'v1.0' to version 'v1.2'...
2026-09-18 17:59:12.048 | DEBUG    | cwl_loader:load_cwl_from_yaml:330 - Raw CWL document successfully updated to v1.2!
2026-09-18 17:59:12.048 | DEBUG    | cwl_loader:load_cwl_from_yaml:336 - Parsing the raw CWL document to the CWL Utils DOM...
2026-09-18 18:00:27.903 | DEBUG    | cwl_loader:load_cwl_from_yaml:347 - Raw CWL document successfully parsed to the CWL Utils DOM!
2026-09-18 18:00:27.904 | DEBUG    | cwl_loader:load_cwl_from_yaml:349 - Dereferencing the steps[].run...
2026-09-18 18:00:27.904 | DEBUG    | cwl_loader:load_cwl_from_yaml:353 - steps[].run successfully dereferenced! Dereferencing the FQNs...
2026-09-18 18:00:27.904 | DEBUG    | cwl_loader:load_cwl_from_yaml:357 - CWL document successfully dereferenced! Now verifying steps[].run integrity...
2026-09-18 18:00:27.904 | DEBUG    | cwl_loader:load_cwl_from_yaml:363 - All steps[].run link are resolvable! 
2026-09-18 18:00:27.904 | DEBUG    | cwl_loader:load_cwl_from_yaml:366 - Sorting Process instances by dependencies....
2026-09-18 18:00:27.904 | DEBUG    | cwl_loader:load_cwl_from_yaml:368 - Sorting process is over.
2026-09-18 18:00:27.904 | DEBUG    | cwl_loader:_load_cwl_from_stream:430 - Stream from /Users/anushacs/Downloads/python-packages/zoo-calrissian-runner/assets/stagein.yaml successfully load!
2026-09-18 18:00:27.904 | DEBUG    | cwl_loader:load_cwl_from_location:421 - Loading CWL document from /Users/anushacs/Downloads/python-packages/zoo-calrissian-runner/assets/stagein-file.yaml...
2026-09-18 18:00:27.904 | DEBUG    | cwl_loader:_load_cwl_from_stream:424 - Reading stream from /Users/anushacs/Downloads/python-packages/zoo-calrissian-runner/assets/stagein-file.yaml...
2026-09-18 18:00:27.913 | DEBUG    | cwl_loader:load_cwl_from_stream:398 - CWL data of type <class 'ruamel.yaml.comments.CommentedMap'> successfully loaded from stream
2026-09-18 18:00:27.915 | DEBUG    | cwl_loader:load_cwl_from_yaml:315 - Updating the model from version 'v1.0' to version 'v1.2'...
2026-09-18 18:00:27.915 | DEBUG    | cwl_loader:load_cwl_from_yaml:330 - Raw CWL document successfully updated to v1.2!
2026-09-18 18:00:27.915 | DEBUG    | cwl_loader:load_cwl_from_yaml:336 - Parsing the raw CWL document to the CWL Utils DOM...
2026-09-18 18:01:44.036 | DEBUG    | cwl_loader:load_cwl_from_yaml:347 - Raw CWL document successfully parsed to the CWL Utils DOM!
2026-09-18 18:01:44.037 | DEBUG    | cwl_loader:load_cwl_from_yaml:349 - Dereferencing the steps[].run...
2026-09-18 18:01:44.037 | DEBUG    | cwl_loader:load_cwl_from_yaml:353 - steps[].run successfully dereferenced! Dereferencing the FQNs...
2026-09-18 18:01:44.037 | DEBUG    | cwl_loader:load_cwl_from_yaml:357 - CWL document successfully dereferenced! Now verifying steps[].run integrity...
2026-09-18 18:01:44.037 | DEBUG    | cwl_loader:load_cwl_from_yaml:363 - All steps[].run link are resolvable! 
2026-09-18 18:01:44.037 | DEBUG    | cwl_loader:load_cwl_from_yaml:366 - Sorting Process instances by dependencies....
2026-09-18 18:01:44.037 | DEBUG    | cwl_loader:load_cwl_from_yaml:368 - Sorting process is over.
2026-09-18 18:01:44.037 | DEBUG    | cwl_loader:_load_cwl_from_stream:430 - Stream from /Users/anushacs/Downloads/python-packages/zoo-calrissian-runner/assets/stagein-file.yaml successfully load!
2026-09-18 18:01:44.037 | DEBUG    | cwl_loader:load_cwl_from_location:421 - Loading CWL document from https://raw.githubusercontent.com/eoap/application-package-patterns/refs/heads/main/templates/stage-out.cwl...
2026-09-18 18:02:59.416 | DEBUG    | cwl_loader:_load_cwl_from_stream:424 - Reading stream from https://raw.githubusercontent.com/eoap/application-package-patterns/refs/heads/main/templates/stage-out.cwl...
2026-09-18 18:02:59.431 | DEBUG    | cwl_loader:load_cwl_from_stream:398 - CWL data of type <class 'ruamel.yaml.comments.CommentedMap'> successfully loaded from stream
2026-09-18 18:02:59.433 | DEBUG    | cwl_loader:load_cwl_from_yaml:315 - Updating the model from version 'v1.0' to version 'v1.2'...
2026-09-18 18:02:59.433 | DEBUG    | cwl_loader:load_cwl_from_yaml:330 - Raw CWL document successfully updated to v1.2!
2026-09-18 18:02:59.433 | DEBUG    | cwl_loader:load_cwl_from_yaml:336 - Parsing the raw CWL document to the CWL Utils DOM...
2026-09-18 18:04:15.457 | DEBUG    | cwl_loader:load_cwl_from_yaml:347 - Raw CWL document successfully parsed to the CWL Utils DOM!
2026-09-18 18:04:15.457 | DEBUG    | cwl_loader:load_cwl_from_yaml:349 - Dereferencing the steps[].run...
2026-09-18 18:04:15.457 | DEBUG    | cwl_loader:load_cwl_from_yaml:353 - steps[].run successfully dereferenced! Dereferencing the FQNs...
2026-09-18 18:04:15.457 | DEBUG    | cwl_loader:load_cwl_from_yaml:357 - CWL document successfully dereferenced! Now verifying steps[].run integrity...
2026-09-18 18:04:15.457 | DEBUG    | cwl_loader:load_cwl_from_yaml:363 - All steps[].run link are resolvable! 
2026-09-18 18:04:15.457 | DEBUG    | cwl_loader:load_cwl_from_yaml:366 - Sorting Process instances by dependencies....
2026-09-18 18:04:15.457 | DEBUG    | cwl_loader:load_cwl_from_yaml:368 - Sorting process is over.
2026-09-18 18:04:15.457 | DEBUG    | cwl_loader:_load_cwl_from_stream:430 - Stream from https://raw.githubusercontent.com/eoap/application-package-patterns/refs/heads/main/templates/stage-out.cwl successfully load!
2026-09-18 18:04:15.457 | INFO     | eoap_cwlwrap.types:_validate_stage_in:281 - Validating stage-in 'stage-in-directory'...
2026-09-18 18:04:15.457 | INFO     | eoap_cwlwrap.types:_validate_stage_in:303 - stage-in 'stage-in-directory' is valid
2026-09-18 18:04:15.457 | INFO     | eoap_cwlwrap.types:_validate_stage_in:281 - Validating stage-in 'stage-in-file'...
2026-09-18 18:04:15.457 | INFO     | eoap_cwlwrap.types:_validate_stage_in:303 - stage-in 'stage-in-file' is valid
2026-09-18 18:04:15.457 | INFO     | eoap_cwlwrap.types:validate_directory_stage_out:339 - Validating directory stage-out 'my-super-stage-out'...
2026-09-18 18:04:15.457 | INFO     | eoap_cwlwrap.types:validate_directory_stage_out:361 - directory stage-out 'my-super-stage-out' is valid
2026-09-18 18:04:15.457 | INFO     | eoap_cwlwrap:_build_orchestrator_workflow:106 - Building the CWL Orchestrator Workflow...
2026-09-18 18:04:15.457 | INFO     | eoap_cwlwrap:_build_orchestrator_workflow:142 - Analyzing main_clt inputs...
2026-09-18 18:04:15.457 | INFO     | eoap_cwlwrap:_build_orchestrator_workflow:158 - * main_clt/pre_stac_item: string
2026-09-18 18:04:15.458 | INFO     | eoap_cwlwrap:_build_orchestrator_workflow:158 - * main_clt/post_stac_item: string
2026-09-18 18:04:15.458 | INFO     | eoap_cwlwrap:_build_orchestrator_workflow:158 - * main_clt/aoi: [ null, string ]
2026-09-18 18:04:15.458 | INFO     | eoap_cwlwrap:_build_orchestrator_workflow:158 - * main_clt/bands: string[]
2026-09-18 18:04:15.458 | INFO     | eoap_cwlwrap:_build_orchestrator_workflow:271 - Analyzing main_clt outputs...
2026-09-18 18:04:15.458 | INFO     | eoap_cwlwrap:_build_orchestrator_workflow:280 - * main_clt/stac: Directory
2026-09-18 18:04:15.459 | INFO     | eoap_cwlwrap:_build_orchestrator_workflow:285 -   Directory type detected, creating a related 'stage_out_0'...
2026-09-18 18:04:15.459 | INFO     | eoap_cwlwrap:_build_orchestrator_workflow:287 -   Converting Directory to URL-compatible type...
2026-09-18 18:04:15.459 | INFO     | eoap_cwlwrap:_build_orchestrator_workflow:291 -   Directory converted to https://raw.githubusercontent.com/eoap/schemas/main/string_format.yaml#URI
2026-09-18 18:04:15.459 | INFO     | eoap_cwlwrap:_build_orchestrator_workflow:334 -   Connecting 'app/stac' to 'stage_out_0' output...
2026-09-18 18:04:15.459 | INFO     | eoap_cwlwrap:_build_orchestrator_workflow:505 - Orchestrator Workflow built in 0.0023 seconds
..
======================================================================
ERROR: test_execution (tests.test_s2_composite.TestSentinel2Composites)
----------------------------------------------------------------------
Traceback (most recent call last):
  File "/Users/anushacs/Downloads/Python-packages/zoo-calrissian-runner/tests/test_s2_composite.py", line 169, in test_execution
    exit_value = runner.execute(wall_time=120)
  File "/Users/anushacs/Downloads/Python-packages/zoo-calrissian-runner/zoo_calrissian_runner/__init__.py", line 384, in execute
    output = self.execution.get_output()
  File "/Users/anushacs/Library/Application Support/hatch/env/virtual/zoo-calrissian-runner/5fI1mlLM/test.py3.10/lib/python3.10/site-packages/pycalrissian/execution.py", line 84, in get_output
    return json.load(staged_file)
  File "/opt/homebrew/Cellar/python@3.10/3.10.20_3/Frameworks/Python.framework/Versions/3.10/lib/python3.10/json/__init__.py", line 293, in load
    return loads(fp.read(),
  File "/opt/homebrew/Cellar/python@3.10/3.10.20_3/Frameworks/Python.framework/Versions/3.10/lib/python3.10/json/__init__.py", line 346, in loads
    return _default_decoder.decode(s)
  File "/opt/homebrew/Cellar/python@3.10/3.10.20_3/Frameworks/Python.framework/Versions/3.10/lib/python3.10/json/decoder.py", line 337, in decode
    obj, end = self.raw_decode(s, idx=_w(s, 0).end())
  File "/opt/homebrew/Cellar/python@3.10/3.10.20_3/Frameworks/Python.framework/Versions/3.10/lib/python3.10/json/decoder.py", line 355, in raw_decode
    raise JSONDecodeError("Expecting value", s, err.value) from None
json.decoder.JSONDecodeError: Expecting value: line 1 column 1 (char 0)

======================================================================
FAIL: test_execution (tests.test_s2_app_burned.TestSentinel2BurnedArea)
----------------------------------------------------------------------
Traceback (most recent call last):
  File "/Users/anushacs/Downloads/Python-packages/zoo-calrissian-runner/tests/test_s2_app_burned.py", line 175, in test_execution
    self.assertEqual(exit_value, 3)
AssertionError: 4 != 3

======================================================================
FAIL: test_execution (tests.test_s2_s_expressions.TestSentinel2SExpressions)
----------------------------------------------------------------------
Traceback (most recent call last):
  File "/Users/anushacs/Downloads/Python-packages/zoo-calrissian-runner/tests/test_s2_s_expressions.py", line 172, in test_execution
    self.assertEqual(exit_value, 3)
AssertionError: 4 != 3

======================================================================
FAIL: test_clt_requirements (tests.test_workflow.TestWorkflow)
----------------------------------------------------------------------
Traceback (most recent call last):
  File "/Users/anushacs/Downloads/Python-packages/zoo-calrissian-runner/tests/test_workflow.py", line 99, in test_clt_requirements
    self.assertDictEqual(
AssertionError: {'coresMin': [3, 6, 3, 3, 3, 3, 6, 6], 'coresMax': [], 'ramMi[138 chars]: []} != {'coresMin': [3, 6, 6, 3, 3, 6, 3, 3], 'coresMax': [], 'ramMi[138 chars]: []}
  {'coresMax': [],
-  'coresMin': [3, 6, 3, 3, 3, 3, 6, 6],
?                               ------

+  'coresMin': [3, 6, 6, 3, 3, 6, 3, 3],
?                     +++      +++

   'outdirMax': [],
   'outdirMin': [],
   'ramMax': [],
-  'ramMin': [10240, 20480, 10240, 10240, 10240, 10240, 20480, 20480],
?                                                     --------------

+  'ramMin': [10240, 20480, 20480, 10240, 10240, 20480, 10240, 10240],
?                           +++++++              +++++++

   'tmpdirMax': [],
   'tmpdirMin': []}

----------------------------------------------------------------------
Ran 29 tests in 1476.503s

FAILED (failures=3, errors=1, skipped=1)
Not running in zoo instance
Not running in zoo instance
Not running in zoo instance
['post_stac_item', 'aoi']
['pre_stac_item', 'post_stac_item']
<class 'cwl_utils.parser.cwl_v1_2.Workflow'>
